
Optional file libmchp_peripheral.a not found

Optional file libmchp_peripheral_32MX170F256B.a not found
Archive member included because of file (symbol)

c:/program files/microchip/xc32/v2.41/bin/bin/../../lib/gcc/pic32mx/4.8.3/../../../../pic32mx/lib\libpic32.a(memset.o)
                              build/FrameworkWith_u8g2/production/u8g2/u8g2_buffer.o (memset)
c:/program files/microchip/xc32/v2.41/bin/bin/../../lib/gcc/pic32mx/4.8.3/../../../../pic32mx/lib\libpic32.a(default-bootstrap-exception-handler.o)
                              C:\Users\anifs\AppData\Local\Temp\ccOwDT03.o (_bootstrap_exception_handler)
c:/program files/microchip/xc32/v2.41/bin/bin/../../lib/gcc/pic32mx/4.8.3/../../../../pic32mx/lib\libpic32.a(default-on-reset.o)
                              C:\Users\anifs\AppData\Local\Temp\ccOwDT03.o (_on_reset)
c:/program files/microchip/xc32/v2.41/bin/bin/../../lib/gcc/pic32mx/4.8.3/../../../../pic32mx/lib\libpic32.a(default-on-bootstrap.o)
                              C:\Users\anifs\AppData\Local\Temp\ccOwDT03.o (_on_bootstrap)
c:/program files/microchip/xc32/v2.41/bin/bin/../../lib/gcc/pic32mx/4.8.3/../../../../pic32mx/lib\libpic32.a(default-nmi-handler.o)
                              C:\Users\anifs\AppData\Local\Temp\ccOwDT03.o (_nmi_handler)
c:/program files/microchip/xc32/v2.41/bin/bin/../../lib/gcc/pic32mx/4.8.3/../../../../pic32mx/lib\libpic32.a(xc32_uart.o)
                              build/FrameworkWith_u8g2/production/FrameworkSource/terminal.o (__XC_UART)
c:/program files/microchip/xc32/v2.41/bin/bin/../../lib/gcc/pic32mx/4.8.3/../../../../pic32mx/lib\libpic32.a(pic32_data_init.o)
                              C:\Users\anifs\AppData\Local\Temp\ccOwDT03.o (__pic32_data_init)
c:/program files/microchip/xc32/v2.41/bin/bin/../../lib/gcc/pic32mx/4.8.3/../../../../pic32mx/lib\libpic32.a(general-exception.o)
                              C:\Users\anifs\AppData\Local\Temp\ccOwDT03.o (_general_exception_context)
c:/program files/microchip/xc32/v2.41/bin/bin/../../lib/gcc/pic32mx/4.8.3/../../../../pic32mx/lib\libpic32.a(vector1.o)
                              C:\Users\anifs\AppData\Local\Temp\ccqR4Jhp.o (__vector_dispatch_1)
c:/program files/microchip/xc32/v2.41/bin/bin/../../lib/gcc/pic32mx/4.8.3/../../../../pic32mx/lib\libpic32.a(vector2.o)
                              C:\Users\anifs\AppData\Local\Temp\ccqR4Jhp.o (__vector_dispatch_2)
c:/program files/microchip/xc32/v2.41/bin/bin/../../lib/gcc/pic32mx/4.8.3/../../../../pic32mx/lib\libpic32.a(vector3.o)
                              C:\Users\anifs\AppData\Local\Temp\ccqR4Jhp.o (__vector_dispatch_3)
c:/program files/microchip/xc32/v2.41/bin/bin/../../lib/gcc/pic32mx/4.8.3/../../../../pic32mx/lib\libpic32.a(vector4.o)
                              C:\Users\anifs\AppData\Local\Temp\ccqR4Jhp.o (__vector_dispatch_4)
c:/program files/microchip/xc32/v2.41/bin/bin/../../lib/gcc/pic32mx/4.8.3/../../../../pic32mx/lib\libpic32.a(vector5.o)
                              C:\Users\anifs\AppData\Local\Temp\ccqR4Jhp.o (__vector_dispatch_5)
c:/program files/microchip/xc32/v2.41/bin/bin/../../lib/gcc/pic32mx/4.8.3/../../../../pic32mx/lib\libpic32.a(vector6.o)
                              C:\Users\anifs\AppData\Local\Temp\ccqR4Jhp.o (__vector_dispatch_6)
c:/program files/microchip/xc32/v2.41/bin/bin/../../lib/gcc/pic32mx/4.8.3/../../../../pic32mx/lib\libpic32.a(vector7.o)
                              C:\Users\anifs\AppData\Local\Temp\ccqR4Jhp.o (__vector_dispatch_7)
c:/program files/microchip/xc32/v2.41/bin/bin/../../lib/gcc/pic32mx/4.8.3/../../../../pic32mx/lib\libpic32.a(vector9.o)
                              C:\Users\anifs\AppData\Local\Temp\ccqR4Jhp.o (__vector_dispatch_9)
c:/program files/microchip/xc32/v2.41/bin/bin/../../lib/gcc/pic32mx/4.8.3/../../../../pic32mx/lib\libpic32.a(vector10.o)
                              C:\Users\anifs\AppData\Local\Temp\ccqR4Jhp.o (__vector_dispatch_10)
c:/program files/microchip/xc32/v2.41/bin/bin/../../lib/gcc/pic32mx/4.8.3/../../../../pic32mx/lib\libpic32.a(vector11.o)
                              C:\Users\anifs\AppData\Local\Temp\ccqR4Jhp.o (__vector_dispatch_11)
c:/program files/microchip/xc32/v2.41/bin/bin/../../lib/gcc/pic32mx/4.8.3/../../../../pic32mx/lib\libpic32.a(vector12.o)
                              C:\Users\anifs\AppData\Local\Temp\ccqR4Jhp.o (__vector_dispatch_12)
c:/program files/microchip/xc32/v2.41/bin/bin/../../lib/gcc/pic32mx/4.8.3/../../../../pic32mx/lib\libpic32.a(vector13.o)
                              C:\Users\anifs\AppData\Local\Temp\ccqR4Jhp.o (__vector_dispatch_13)
c:/program files/microchip/xc32/v2.41/bin/bin/../../lib/gcc/pic32mx/4.8.3/../../../../pic32mx/lib\libpic32.a(vector14.o)
                              C:\Users\anifs\AppData\Local\Temp\ccqR4Jhp.o (__vector_dispatch_14)
c:/program files/microchip/xc32/v2.41/bin/bin/../../lib/gcc/pic32mx/4.8.3/../../../../pic32mx/lib\libpic32.a(vector15.o)
[...]
Memory Configuration

Name             Origin             Length             Attributes
kseg0_program_mem 0x9d000000         0x0003f000         xr
exception_mem    0x9d03f000         0x00001000
debug_exec_mem   0x9fc00490         0x00000760
kseg0_boot_mem   0x9fc00490         0x00000000
kseg1_boot_mem   0xbfc00000         0x00000490
config3          0xbfc00bf0         0x00000004
config2          0xbfc00bf4         0x00000004
config1          0xbfc00bf8         0x00000004
config0          0xbfc00bfc         0x00000004
kseg1_data_mem   0xa0000000         0x00010000         w !x
sfrs             0xbf800000         0x00100000
configsfrs       0xbfc00bf0         0x00000010
*default*        0x00000000         0xffffffff

Linker script and memory map

LOAD c:/program files/microchip/xc32/v2.41/bin/bin/../../lib/gcc/pic32mx/4.8.3/../../../../pic32mx/lib\debug-exception-return.o
LOAD build/FrameworkWith_u8g2/production/FrameworkSource/ES_Port.o
LOAD build/FrameworkWith_u8g2/production/FrameworkSource/ES_Timers.o
LOAD build/FrameworkWith_u8g2/production/FrameworkSource/ES_LookupTables.o
LOAD build/FrameworkWith_u8g2/production/FrameworkSource/ES_CheckEvents.o
LOAD build/FrameworkWith_u8g2/production/FrameworkSource/ES_DeferRecall.o
LOAD build/FrameworkWith_u8g2/production/FrameworkSource/ES_Framework.o
LOAD build/FrameworkWith_u8g2/production/FrameworkSource/ES_Queue.o
LOAD build/FrameworkWith_u8g2/production/FrameworkSource/ES_PostList.o
LOAD build/FrameworkWith_u8g2/production/FrameworkSource/terminal.o
LOAD build/FrameworkWith_u8g2/production/ProjectSource/main.o
LOAD build/FrameworkWith_u8g2/production/ProjectSource/EventCheckers.o
LOAD build/FrameworkWith_u8g2/production/ProjectSource/TestHarnessService0.o
LOAD build/FrameworkWith_u8g2/production/ProjectSource/dbprintf.o
LOAD build/FrameworkWith_u8g2/production/ProjectSource/MorseElements.o
LOAD build/FrameworkWith_u8g2/production/ProjectSource/MorseDecode.o
LOAD build/FrameworkWith_u8g2/production/ProjectSource/ButtonStatus.o
LOAD build/FrameworkWith_u8g2/production/u8g2/spi_master.o
LOAD build/FrameworkWith_u8g2/production/u8g2/u8g2_bitmap.o
LOAD build/FrameworkWith_u8g2/production/u8g2/u8g2_box.o
LOAD build/FrameworkWith_u8g2/production/u8g2/u8g2_buffer.o
LOAD build/FrameworkWith_u8g2/production/u8g2/u8g2_circle.o
LOAD build/FrameworkWith_u8g2/production/u8g2/u8g2_cleardisplay.o
LOAD build/FrameworkWith_u8g2/production/u8g2/u8g2_d_memory.o
LOAD build/FrameworkWith_u8g2/production/u8g2/u8g2_d_setup.o
LOAD build/FrameworkWith_u8g2/production/u8g2/u8g2_font.o
LOAD build/FrameworkWith_u8g2/production/u8g2/u8g2_fonts.o
LOAD build/FrameworkWith_u8g2/production/u8g2/u8g2_hvline.o
LOAD build/FrameworkWith_u8g2/production/u8g2/u8g2_input_value.o
LOAD build/FrameworkWith_u8g2/production/u8g2/u8g2_intersection.o
LOAD build/FrameworkWith_u8g2/production/u8g2/u8g2_kerning.o
LOAD build/FrameworkWith_u8g2/production/u8g2/u8g2_line.o
LOAD build/FrameworkWith_u8g2/production/u8g2/u8g2_ll_hvline.o
LOAD build/FrameworkWith_u8g2/production/u8g2/u8g2_message.o
LOAD build/FrameworkWith_u8g2/production/u8g2/u8g2_pic32mz.o
LOAD build/FrameworkWith_u8g2/production/u8g2/u8g2_polygon.o
LOAD build/FrameworkWith_u8g2/production/u8g2/u8g2_selection_list.o
LOAD build/FrameworkWith_u8g2/production/u8g2/u8g2_setup.o
LOAD build/FrameworkWith_u8g2/production/u8g2/u8log.o
LOAD build/FrameworkWith_u8g2/production/u8g2/u8log_u8g2.o
LOAD build/FrameworkWith_u8g2/production/u8g2/u8log_u8x8.o
LOAD build/FrameworkWith_u8g2/production/u8g2/u8x8_8x8.o
LOAD build/FrameworkWith_u8g2/production/u8g2/u8x8_byte.o
LOAD build/FrameworkWith_u8g2/production/u8g2/u8x8_cad.o
LOAD build/FrameworkWith_u8g2/production/u8g2/u8x8_d_ssd1306_128x64_noname.o
LOAD build/FrameworkWith_u8g2/production/u8g2/u8x8_debounce.o
LOAD build/FrameworkWith_u8g2/production/u8g2/u8x8_display.o
LOAD build/FrameworkWith_u8g2/production/u8g2/u8x8_fonts.o
LOAD build/FrameworkWith_u8g2/production/u8g2/u8x8_gpio.o
LOAD build/FrameworkWith_u8g2/production/u8g2/u8x8_input_value.o
LOAD build/FrameworkWith_u8g2/production/u8g2/u8x8_message.o
LOAD build/FrameworkWith_u8g2/production/u8g2/u8x8_selection_list.o
LOAD build/FrameworkWith_u8g2/production/u8g2/u8x8_setup.o
LOAD build/FrameworkWith_u8g2/production/u8g2/u8x8_string.o
LOAD build/FrameworkWith_u8g2/production/u8g2/u8x8_u16toa.o
LOAD build/FrameworkWith_u8g2/production/u8g2/u8x8_u8toa.o
                0x00000001                __MPLAB_BUILD = 0x1
LOAD C:\Users\anifs\AppData\Local\Temp\ccOwDT03.o
LOAD C:\Users\anifs\AppData\Local\Temp\ccPStQr7.o
LOAD C:\Users\anifs\AppData\Local\Temp\ccqR4Jhp.o
LOAD c:/program files/microchip/xc32/v2.41/bin/bin/../../lib/gcc/pic32mx/4.8.3/../../../../pic32mx/lib\pic32_software_reset.o
                0x00000400                PROVIDE (_min_stack_size, 0x400)
START GROUP
LOAD c:/program files/microchip/xc32/v2.41/bin/bin/../../lib/gcc/pic32mx/4.8.3/../../../../pic32mx/lib/./proc/32MX170F256B\processor.o
END GROUP
START GROUP
LOAD libmchp_peripheral.a
END GROUP
START GROUP
LOAD libmchp_peripheral_32MX170F256B.a
END GROUP
                0x00000001                PROVIDE (_vector_spacing, 0x1)
                0x9d03f000                PROVIDE (_ebase_address, 0x9d03f000)
                0xbfc00000                _RESET_ADDR = 0xbfc00000
                0xbfc00380                _BEV_EXCPT_ADDR = 0xbfc00380
                0xbfc00480                _DBG_EXCPT_ADDR = 0xbfc00480
                0x9fc00490                _DBG_CODE_ADDR = 0x9fc00490
                0x00000760                _DBG_CODE_SIZE = 0x760
                0x9d03f180                _GEN_EXCPT_ADDR = (_ebase_address + 0x180)

.config_BFC00BF0
                0xbfc00bf0        0x4
 *(.config_BFC00BF0)
 .config_BFC00BF0
                0xbfc00bf0        0x4 build/FrameworkWith_u8g2/production/FrameworkSource/ES_Port.o

.config_BFC00BF4
                0xbfc00bf4        0x4
 *(.config_BFC00BF4)
 .config_BFC00BF4
                0xbfc00bf4        0x4 build/FrameworkWith_u8g2/production/FrameworkSource/ES_Port.o

.config_BFC00BF8
                0xbfc00bf8        0x4
 *(.config_BFC00BF8)
 .config_BFC00BF8
                0xbfc00bf8        0x4 build/FrameworkWith_u8g2/production/FrameworkSource/ES_Port.o

.config_BFC00BFC
                0xbfc00bfc        0x4
 *(.config_BFC00BFC)
 .config_BFC00BFC
                0xbfc00bfc        0x4 build/FrameworkWith_u8g2/production/FrameworkSource/ES_Port.o
                0xbfc02000                PROVIDE (_DBG_CODE_ADDR, 0xbfc02000)
                0x00000ff0                PROVIDE (_DBG_CODE_SIZE, 0xff0)

.reset          0xbfc00000      0x178
 *(.reset)
 .reset         0xbfc00000        0x8 C:\Users\anifs\AppData\Local\Temp\ccOwDT03.o
                0xbfc00000                _reset
 *(.reset.startup)
 .reset.startup
                0xbfc00008      0x170 C:\Users\anifs\AppData\Local\Temp\ccOwDT03.o
                0xbfc00008                _startup

.bev_excpt      0xbfc00380       0x10
 *(.bev_handler)
 .bev_handler   0xbfc00380       0x10 C:\Users\anifs\AppData\Local\Temp\ccOwDT03.o

.dbg_excpt      0xbfc00480        0x0
                0xbfc00480                . = (. + DEFINED (_DEBUGGER)?0x8:0x0)

.dbg_code       0x9fc00490        0x0
                0x9fc00490                . = (. + DEFINED (_DEBUGGER)?_DBG_CODE_SIZE:0x0)

.app_excpt      0x9d03f180       0x10
 *(.gen_handler)
 .gen_handler   0x9d03f180       0x10 C:\Users\anifs\AppData\Local\Temp\ccOwDT03.o

.vector_0       0x9d03f200        0x8
 *(.vector_0)
 .vector_0      0x9d03f200        0x8 build/FrameworkWith_u8g2/production/FrameworkSource/ES_Port.o
                0x9d03f200                __vector_dispatch_0
                0x00000001                ASSERT (((_vector_spacing == 0x0) || (SIZEOF (.vector_0) <= (_vector_spacing << 0x5))), function at exception vector 0 too large)

.vector_1       0x9d03f220        0x8
 *(.vector_1)
 .vector_1      0x9d03f220        0x8 c:/program files/microchip/xc32/v2.41/bin/bin/../../lib/gcc/pic32mx/4.8.3/../../../../pic32mx/lib\libpic32.a(vector1.o)
                0x9d03f220                __vector_dispatch_1
                0x00000001                ASSERT (((_vector_spacing == 0x0) || (SIZEOF (.vector_1) <= (_vector_spacing << 0x5))), function at exception vector 1 too large)

.vector_2       0x9d03f240        0x8
 *(.vector_2)
 .vector_2      0x9d03f240        0x8 c:/program files/microchip/xc32/v2.41/bin/bin/../../lib/gcc/pic32mx/4.8.3/../../../../pic32mx/lib\libpic32.a(vector2.o)
                0x9d03f240                __vector_dispatch_2
                0x00000001                ASSERT (((_vector_spacing == 0x0) || (SIZEOF (.vector_2) <= (_vector_spacing << 0x5))), function at exception vector 2 too large)

.vector_3       0x9d03f260        0x8
 *(.vector_3)
 .vector_3      0x9d03f260        0x8 c:/program files/microchip/xc32/v2.41/bin/bin/../../lib/gcc/pic32mx/4.8.3/../../../../pic32mx/lib\libpic32.a(vector3.o)
                0x9d03f260                __vector_dispatch_3
                0x00000001                ASSERT (((_vector_spacing == 0x0) || (SIZEOF (.vector_3) <= (_vector_spacing << 0x5))), function at exception vector 3 too large)

.vector_4       0x9d03f280        0x8
 *(.vector_4)
 .vector_4      0x9d03f280        0x8 c:/program files/microchip/xc32/v2.41/bin/bin/../../lib/gcc/pic32mx/4.8.3/../../../../pic32mx/lib\libpic32.a(vector4.o)
                0x9d03f280                __vector_dispatch_4
                0x00000001                ASSERT (((_vector_spacing == 0x0) || (SIZEOF (.vector_4) <= (_vector_spacing << 0x5))), function at exception vector 4 too large)

.vector_5       0x9d03f2a0        0x8
 *(.vector_5)
 .vector_5      0x9d03f2a0        0x8 c:/program files/microchip/xc32/v2.41/bin/bin/../../lib/gcc/pic32mx/4.8.3/../../../../pic32mx/lib\libpic32.a(vector5.o)
                0x9d03f2a0                __vector_dispatch_5
                0x00000001                ASSERT (((_vector_spacing == 0x0) || (SIZEOF (.vector_5) <= (_vector_spacing << 0x5))), function at exception vector 5 too large)

.vector_6       0x9d03f2c0        0x8
 *(.vector_6)
 .vector_6      0x9d03f2c0        0x8 c:/program files/microchip/xc32/v2.41/bin/bin/../../lib/gcc/pic32mx/4.8.3/../../../../pic32mx/lib\libpic32.a(vector6.o)
                0x9d03f2c0                __vector_dispatch_6
                0x00000001                ASSERT (((_vector_spacing == 0x0) || (SIZEOF (.vector_6) <= (_vector_spacing << 0x5))), function at exception vector 6 too large)

.vector_7       0x9d03f2e0        0x8
 *(.vector_7)
 .vector_7      0x9d03f2e0        0x8 c:/program files/microchip/xc32/v2.41/bin/bin/../../lib/gcc/pic32mx/4.8.3/../../../../pic32mx/lib\libpic32.a(vector7.o)
                0x9d03f2e0                __vector_dispatch_7
                0x00000001                ASSERT (((_vector_spacing == 0x0) || (SIZEOF (.vector_7) <= (_vector_spacing << 0x5))), function at exception vector 7 too large)

.vector_8       0x9d03f300        0x8
 *(.vector_8)
 .vector_8      0x9d03f300        0x8 build/FrameworkWith_u8g2/production/ProjectSource/TestHarnessService0.o
                0x9d03f300                __vector_dispatch_8
                0x00000001                ASSERT (((_vector_spacing == 0x0) || (SIZEOF (.vector_8) <= (_vector_spacing << 0x5))), function at exception vector 8 too large)

.vector_9       0x9d03f320        0x8
 *(.vector_9)
 .vector_9      0x9d03f320        0x8 c:/program files/microchip/xc32/v2.41/bin/bin/../../lib/gcc/pic32mx/4.8.3/../../../../pic32mx/lib\libpic32.a(vector9.o)
                0x9d03f320                __vector_dispatch_9
                0x00000001                ASSERT (((_vector_spacing == 0x0) || (SIZEOF (.vector_9) <= (_vector_spacing << 0x5))), function at exception vector 9 too large)

.vector_10      0x9d03f340        0x8
 *(.vector_10)
 .vector_10     0x9d03f340        0x8 c:/program files/microchip/xc32/v2.41/bin/bin/../../lib/gcc/pic32mx/4.8.3/../../../../pic32mx/lib\libpic32.a(vector10.o)
                0x9d03f340                __vector_dispatch_10
                0x00000001                ASSERT (((_vector_spacing == 0x0) || (SIZEOF (.vector_10) <= (_vector_spacing << 0x5))), function at exception vector 10 too large)

.vector_11      0x9d03f360        0x8
 *(.vector_11)
 .vector_11     0x9d03f360        0x8 c:/program files/microchip/xc32/v2.41/bin/bin/../../lib/gcc/pic32mx/4.8.3/../../../../pic32mx/lib\libpic32.a(vector11.o)
                0x9d03f360                __vector_dispatch_11
                0x00000001                ASSERT (((_vector_spacing == 0x0) || (SIZEOF (.vector_11) <= (_vector_spacing << 0x5))), function at exception vector 11 too large)

.vector_12      0x9d03f380        0x8
 *(.vector_12)
 .vector_12     0x9d03f380        0x8 c:/program files/microchip/xc32/v2.41/bin/bin/../../lib/gcc/pic32mx/4.8.3/../../../../pic32mx/lib\libpic32.a(vector12.o)
                0x9d03f380                __vector_dispatch_12
                0x00000001                ASSERT (((_vector_spacing == 0x0) || (SIZEOF (.vector_12) <= (_vector_spacing << 0x5))), function at exception vector 12 too large)

.vector_13      0x9d03f3a0        0x8
 *(.vector_13)
 .vector_13     0x9d03f3a0        0x8 c:/program files/microchip/xc32/v2.41/bin/bin/../../lib/gcc/pic32mx/4.8.3/../../../../pic32mx/lib\libpic32.a(vector13.o)
                0x9d03f3a0                __vector_dispatch_13
                0x00000001                ASSERT (((_vector_spacing == 0x0) || (SIZEOF (.vector_13) <= (_vector_spacing << 0x5))), function at exception vector 13 too large)

.vector_14      0x9d03f3c0        0x8
 *(.vector_14)
 .vector_14     0x9d03f3c0        0x8 c:/program files/microchip/xc32/v2.41/bin/bin/../../lib/gcc/pic32mx/4.8.3/../../../../pic32mx/lib\libpic32.a(vector14.o)
                0x9d03f3c0                __vector_dispatch_14
                0x00000001                ASSERT (((_vector_spacing == 0x0) || (SIZEOF (.vector_14) <= (_vector_spacing << 0x5))), function at exception vector 14 too large)

.vector_15      0x9d03f3e0        0x8
 *(.vector_15)
 .vector_15     0x9d03f3e0        0x8 c:/program files/microchip/xc32/v2.41/bin/bin/../../lib/gcc/pic32mx/4.8.3/../../../../pic32mx/lib\libpic32.a(vector15.o)
                0x9d03f3e0                __vector_dispatch_15
                0x00000001                ASSERT (((_vector_spacing == 0x0) || (SIZEOF (.vector_15) <= (_vector_spacing << 0x5))), function at exception vector 15 too large)

.vector_16      0x9d03f400        0x8
 *(.vector_16)
 .vector_16     0x9d03f400        0x8 c:/program files/microchip/xc32/v2.41/bin/bin/../../lib/gcc/pic32mx/4.8.3/../../../../pic32mx/lib\libpic32.a(vector16.o)
                0x9d03f400                __vector_dispatch_16
                0x00000001                ASSERT (((_vector_spacing == 0x0) || (SIZEOF (.vector_16) <= (_vector_spacing << 0x5))), function at exception vector 16 too large)

.vector_17      0x9d03f420        0x8
 *(.vector_17)
 .vector_17     0x9d03f420        0x8 c:/program files/microchip/xc32/v2.41/bin/bin/../../lib/gcc/pic32mx/4.8.3/../../../../pic32mx/lib\libpic32.a(vector17.o)
                0x9d03f420                __vector_dispatch_17
                0x00000001                ASSERT (((_vector_spacing == 0x0) || (SIZEOF (.vector_17) <= (_vector_spacing << 0x5))), function at exception vector 17 too large)

.vector_18      0x9d03f440        0x8
 *(.vector_18)
 .vector_18     0x9d03f440        0x8 c:/program files/microchip/xc32/v2.41/bin/bin/../../lib/gcc/pic32mx/4.8.3/../../../../pic32mx/lib\libpic32.a(vector18.o)
                0x9d03f440                __vector_dispatch_18
                0x00000001                ASSERT (((_vector_spacing == 0x0) || (SIZEOF (.vector_18) <= (_vector_spacing << 0x5))), function at exception vector 18 too large)

.vector_19      0x9d03f460        0x8
 *(.vector_19)
 .vector_19     0x9d03f460        0x8 c:/program files/microchip/xc32/v2.41/bin/bin/../../lib/gcc/pic32mx/4.8.3/../../../../pic32mx/lib\libpic32.a(vector19.o)
                0x9d03f460                __vector_dispatch_19
                0x00000001                ASSERT (((_vector_spacing == 0x0) || (SIZEOF (.vector_19) <= (_vector_spacing << 0x5))), function at exception vector 19 too large)

.vector_20      0x9d03f480        0x8
 *(.vector_20)
 .vector_20     0x9d03f480        0x8 c:/program files/microchip/xc32/v2.41/bin/bin/../../lib/gcc/pic32mx/4.8.3/../../../../pic32mx/lib\libpic32.a(vector20.o)
                0x9d03f480                __vector_dispatch_20
                0x00000001                ASSERT (((_vector_spacing == 0x0) || (SIZEOF (.vector_20) <= (_vector_spacing << 0x5))), function at exception vector 20 too large)

.vector_21      0x9d03f4a0        0x8
 *(.vector_21)
 .vector_21     0x9d03f4a0        0x8 c:/program files/microchip/xc32/v2.41/bin/bin/../../lib/gcc/pic32mx/4.8.3/../../../../pic32mx/lib\libpic32.a(vector21.o)
                0x9d03f4a0                __vector_dispatch_21
                0x00000001                ASSERT (((_vector_spacing == 0x0) || (SIZEOF (.vector_21) <= (_vector_spacing << 0x5))), function at exception vector 21 too large)

.vector_22      0x9d03f4c0        0x8
 *(.vector_22)
 .vector_22     0x9d03f4c0        0x8 c:/program files/microchip/xc32/v2.41/bin/bin/../../lib/gcc/pic32mx/4.8.3/../../../../pic32mx/lib\libpic32.a(vector22.o)
                0x9d03f4c0                __vector_dispatch_22
                0x00000001                ASSERT (((_vector_spacing == 0x0) || (SIZEOF (.vector_22) <= (_vector_spacing << 0x5))), function at exception vector 22 too large)

.vector_23      0x9d03f4e0        0x8
 *(.vector_23)
 .vector_23     0x9d03f4e0        0x8 c:/program files/microchip/xc32/v2.41/bin/bin/../../lib/gcc/pic32mx/4.8.3/../../../../pic32mx/lib\libpic32.a(vector23.o)
                0x9d03f4e0                __vector_dispatch_23
                0x00000001                ASSERT (((_vector_spacing == 0x0) || (SIZEOF (.vector_23) <= (_vector_spacing << 0x5))), function at exception vector 23 too large)

.vector_24      0x9d03f500        0x8
 *(.vector_24)
 .vector_24     0x9d03f500        0x8 c:/program files/microchip/xc32/v2.41/bin/bin/../../lib/gcc/pic32mx/4.8.3/../../../../pic32mx/lib\libpic32.a(vector24.o)
                0x9d03f500                __vector_dispatch_24
                0x00000001                ASSERT (((_vector_spacing == 0x0) || (SIZEOF (.vector_24) <= (_vector_spacing << 0x5))), function at exception vector 24 too large)

.vector_25      0x9d03f520        0x8
 *(.vector_25)
 .vector_25     0x9d03f520        0x8 c:/program files/microchip/xc32/v2.41/bin/bin/../../lib/gcc/pic32mx/4.8.3/../../../../pic32mx/lib\libpic32.a(vector25.o)
                0x9d03f520                __vector_dispatch_25
                0x00000001                ASSERT (((_vector_spacing == 0x0) || (SIZEOF (.vector_25) <= (_vector_spacing << 0x5))), function at exception vector 25 too large)

.vector_26      0x9d03f540        0x8
 *(.vector_26)
 .vector_26     0x9d03f540        0x8 c:/program files/microchip/xc32/v2.41/bin/bin/../../lib/gcc/pic32mx/4.8.3/../../../../pic32mx/lib\libpic32.a(vector26.o)
                0x9d03f540                __vector_dispatch_26
                0x00000001                ASSERT (((_vector_spacing == 0x0) || (SIZEOF (.vector_26) <= (_vector_spacing << 0x5))), function at exception vector 26 too large)

.vector_27      0x9d03f560        0x8
 *(.vector_27)
 .vector_27     0x9d03f560        0x8 c:/program files/microchip/xc32/v2.41/bin/bin/../../lib/gcc/pic32mx/4.8.3/../../../../pic32mx/lib\libpic32.a(vector27.o)
                0x9d03f560                __vector_dispatch_27
                0x00000001                ASSERT (((_vector_spacing == 0x0) || (SIZEOF (.vector_27) <= (_vector_spacing << 0x5))), function at exception vector 27 too large)

.vector_28      0x9d03f580        0x8
 *(.vector_28)
 .vector_28     0x9d03f580        0x8 c:/program files/microchip/xc32/v2.41/bin/bin/../../lib/gcc/pic32mx/4.8.3/../../../../pic32mx/lib\libpic32.a(vector28.o)
                0x9d03f580                __vector_dispatch_28
                0x00000001                ASSERT (((_vector_spacing == 0x0) || (SIZEOF (.vector_28) <= (_vector_spacing << 0x5))), function at exception vector 28 too large)

.vector_29      0x9d03f5a0        0x8
 *(.vector_29)
 .vector_29     0x9d03f5a0        0x8 c:/program files/microchip/xc32/v2.41/bin/bin/../../lib/gcc/pic32mx/4.8.3/../../../../pic32mx/lib\libpic32.a(vector29.o)
                0x9d03f5a0                __vector_dispatch_29
                0x00000001                ASSERT (((_vector_spacing == 0x0) || (SIZEOF (.vector_29) <= (_vector_spacing << 0x5))), function at exception vector 29 too large)

.vector_30      0x9d03f5c0        0x8
 *(.vector_30)
 .vector_30     0x9d03f5c0        0x8 c:/program files/microchip/xc32/v2.41/bin/bin/../../lib/gcc/pic32mx/4.8.3/../../../../pic32mx/lib\libpic32.a(vector30.o)
                0x9d03f5c0                __vector_dispatch_30
                0x00000001                ASSERT (((_vector_spacing == 0x0) || (SIZEOF (.vector_30) <= (_vector_spacing << 0x5))), function at exception vector 30 too large)

.vector_31      0x9d03f5e0        0x8
 *(.vector_31)
 .vector_31     0x9d03f5e0        0x8 c:/program files/microchip/xc32/v2.41/bin/bin/../../lib/gcc/pic32mx/4.8.3/../../../../pic32mx/lib\libpic32.a(vector31.o)
                0x9d03f5e0                __vector_dispatch_31
                0x00000001                ASSERT (((_vector_spacing == 0x0) || (SIZEOF (.vector_31) <= (_vector_spacing << 0x5))), function at exception vector 31 too large)

.vector_32      0x9d03f600        0x8
 *(.vector_32)
 .vector_32     0x9d03f600        0x8 c:/program files/microchip/xc32/v2.41/bin/bin/../../lib/gcc/pic32mx/4.8.3/../../../../pic32mx/lib\libpic32.a(vector32.o)
                0x9d03f600                __vector_dispatch_32
                0x00000001                ASSERT (((_vector_spacing == 0x0) || (SIZEOF (.vector_32) <= (_vector_spacing << 0x5))), function at exception vector 32 too large)

.vector_33      0x9d03f620        0x8
 *(.vector_33)
 .vector_33     0x9d03f620        0x8 c:/program files/microchip/xc32/v2.41/bin/bin/../../lib/gcc/pic32mx/4.8.3/../../../../pic32mx/lib\libpic32.a(vector33.o)
                0x9d03f620                __vector_dispatch_33
                0x00000001                ASSERT (((_vector_spacing == 0x0) || (SIZEOF (.vector_33) <= (_vector_spacing << 0x5))), function at exception vector 33 too large)

.vector_34      0x9d03f640        0x8
 *(.vector_34)
 .vector_34     0x9d03f640        0x8 c:/program files/microchip/xc32/v2.41/bin/bin/../../lib/gcc/pic32mx/4.8.3/../../../../pic32mx/lib\libpic32.a(vector34.o)
                0x9d03f640                __vector_dispatch_34
                0x00000001                ASSERT (((_vector_spacing == 0x0) || (SIZEOF (.vector_34) <= (_vector_spacing << 0x5))), function at exception vector 34 too large)

.vector_35      0x9d03f660        0x8
 *(.vector_35)
 .vector_35     0x9d03f660        0x8 c:/program files/microchip/xc32/v2.41/bin/bin/../../lib/gcc/pic32mx/4.8.3/../../../../pic32mx/lib\libpic32.a(vector35.o)
                0x9d03f660                __vector_dispatch_35
                0x00000001                ASSERT (((_vector_spacing == 0x0) || (SIZEOF (.vector_35) <= (_vector_spacing << 0x5))), function at exception vector 35 too large)

.vector_36      0x9d03f680        0x8
 *(.vector_36)
 .vector_36     0x9d03f680        0x8 c:/program files/microchip/xc32/v2.41/bin/bin/../../lib/gcc/pic32mx/4.8.3/../../../../pic32mx/lib\libpic32.a(vector36.o)
                0x9d03f680                __vector_dispatch_36
                0x00000001                ASSERT (((_vector_spacing == 0x0) || (SIZEOF (.vector_36) <= (_vector_spacing << 0x5))), function at exception vector 36 too large)

.vector_37      0x9d03f6a0        0x8
 *(.vector_37)
 .vector_37     0x9d03f6a0        0x8 c:/program files/microchip/xc32/v2.41/bin/bin/../../lib/gcc/pic32mx/4.8.3/../../../../pic32mx/lib\libpic32.a(vector37.o)
                0x9d03f6a0                __vector_dispatch_37
                0x00000001                ASSERT (((_vector_spacing == 0x0) || (SIZEOF (.vector_37) <= (_vector_spacing << 0x5))), function at exception vector 37 too large)

.vector_38      0x9d03f6c0        0x8
 *(.vector_38)
 .vector_38     0x9d03f6c0        0x8 c:/program files/microchip/xc32/v2.41/bin/bin/../../lib/gcc/pic32mx/4.8.3/../../../../pic32mx/lib\libpic32.a(vector38.o)
                0x9d03f6c0                __vector_dispatch_38
                0x00000001                ASSERT (((_vector_spacing == 0x0) || (SIZEOF (.vector_38) <= (_vector_spacing << 0x5))), function at exception vector 38 too large)

.vector_39      0x9d03f6e0        0x8
 *(.vector_39)
 .vector_39     0x9d03f6e0        0x8 c:/program files/microchip/xc32/v2.41/bin/bin/../../lib/gcc/pic32mx/4.8.3/../../../../pic32mx/lib\libpic32.a(vector39.o)
                0x9d03f6e0                __vector_dispatch_39
                0x00000001                ASSERT (((_vector_spacing == 0x0) || (SIZEOF (.vector_39) <= (_vector_spacing << 0x5))), function at exception vector 39 too large)

.vector_40      0x9d03f700        0x8
 *(.vector_40)
 .vector_40     0x9d03f700        0x8 c:/program files/microchip/xc32/v2.41/bin/bin/../../lib/gcc/pic32mx/4.8.3/../../../../pic32mx/lib\libpic32.a(vector40.o)
                0x9d03f700                __vector_dispatch_40
                0x00000001                ASSERT (((_vector_spacing == 0x0) || (SIZEOF (.vector_40) <= (_vector_spacing << 0x5))), function at exception vector 40 too large)

.vector_41      0x9d03f720        0x8
 *(.vector_41)
 .vector_41     0x9d03f720        0x8 c:/program files/microchip/xc32/v2.41/bin/bin/../../lib/gcc/pic32mx/4.8.3/../../../../pic32mx/lib\libpic32.a(vector41.o)
                0x9d03f720                __vector_dispatch_41
                0x00000001                ASSERT (((_vector_spacing == 0x0) || (SIZEOF (.vector_41) <= (_vector_spacing << 0x5))), function at exception vector 41 too large)

.vector_42      0x9d03f740        0x8
 *(.vector_42)
 .vector_42     0x9d03f740        0x8 c:/program files/microchip/xc32/v2.41/bin/bin/../../lib/gcc/pic32mx/4.8.3/../../../../pic32mx/lib\libpic32.a(vector42.o)
                0x9d03f740                __vector_dispatch_42
                0x00000001                ASSERT (((_vector_spacing == 0x0) || (SIZEOF (.vector_42) <= (_vector_spacing << 0x5))), function at exception vector 42 too large)

.vector_43      0x9d03f760        0x8
 *(.vector_43)
 .vector_43     0x9d03f760        0x8 c:/program files/microchip/xc32/v2.41/bin/bin/../../lib/gcc/pic32mx/4.8.3/../../../../pic32mx/lib\libpic32.a(vector43.o)
                0x9d03f760                __vector_dispatch_43
                0x00000001                ASSERT (((_vector_spacing == 0x0) || (SIZEOF (.vector_43) <= (_vector_spacing << 0x5))), function at exception vector 43 too large)

.vector_44      0x9d03f780        0x0
 *(.vector_44)
                0x00000001                ASSERT (((_vector_spacing == 0x0) || (SIZEOF (.vector_44) <= (_vector_spacing << 0x5))), function at exception vector 44 too large)

.vector_45      0x9d03f7a0        0x0
 *(.vector_45)
                0x00000001                ASSERT (((_vector_spacing == 0x0) || (SIZEOF (.vector_45) <= (_vector_spacing << 0x5))), function at exception vector 45 too large)

.vector_46      0x9d03f7c0        0x0
 *(.vector_46)
                0x00000001                ASSERT (((_vector_spacing == 0x0) || (SIZEOF (.vector_46) <= (_vector_spacing << 0x5))), function at exception vector 46 too large)

.vector_47      0x9d03f7e0        0x0
 *(.vector_47)
                0x00000001                ASSERT (((_vector_spacing == 0x0) || (SIZEOF (.vector_47) <= (_vector_spacing << 0x5))), function at exception vector 47 too large)

.vector_48      0x9d03f800        0x0
 *(.vector_48)
                0x00000001                ASSERT (((_vector_spacing == 0x0) || (SIZEOF (.vector_48) <= (_vector_spacing << 0x5))), function at exception vector 48 too large)

.vector_49      0x9d03f820        0x0
 *(.vector_49)
                0x00000001                ASSERT (((_vector_spacing == 0x0) || (SIZEOF (.vector_49) <= (_vector_spacing << 0x5))), function at exception vector 49 too large)

.vector_50      0x9d03f840        0x0
 *(.vector_50)
                0x00000001                ASSERT (((_vector_spacing == 0x0) || (SIZEOF (.vector_50) <= (_vector_spacing << 0x5))), function at exception vector 50 too large)

.vector_51      0x9d03f860        0x0
 *(.vector_51)
                0x00000001                ASSERT (((_vector_spacing == 0x0) || (SIZEOF (.vector_51) <= (_vector_spacing << 0x5))), function at exception vector 51 too large)

.vector_52      0x9d03f880        0x0
 *(.vector_52)
                0x00000001                ASSERT (((_vector_spacing == 0x0) || (SIZEOF (.vector_52) <= (_vector_spacing << 0x5))), function at exception vector 52 too large)

.vector_53      0x9d03f8a0        0x0
 *(.vector_53)
                0x00000001                ASSERT (((_vector_spacing == 0x0) || (SIZEOF (.vector_53) <= (_vector_spacing << 0x5))), function at exception vector 53 too large)

.vector_54      0x9d03f8c0        0x0
 *(.vector_54)
                0x00000001                ASSERT (((_vector_spacing == 0x0) || (SIZEOF (.vector_54) <= (_vector_spacing << 0x5))), function at exception vector 54 too large)

.vector_55      0x9d03f8e0        0x0
 *(.vector_55)
                0x00000001                ASSERT (((_vector_spacing == 0x0) || (SIZEOF (.vector_55) <= (_vector_spacing << 0x5))), function at exception vector 55 too large)

.vector_56      0x9d03f900        0x0
 *(.vector_56)
                0x00000001                ASSERT (((_vector_spacing == 0x0) || (SIZEOF (.vector_56) <= (_vector_spacing << 0x5))), function at exception vector 56 too large)

.vector_57      0x9d03f920        0x0
 *(.vector_57)
                0x00000001                ASSERT (((_vector_spacing == 0x0) || (SIZEOF (.vector_57) <= (_vector_spacing << 0x5))), function at exception vector 57 too large)

.vector_58      0x9d03f940        0x0
 *(.vector_58)
                0x00000001                ASSERT (((_vector_spacing == 0x0) || (SIZEOF (.vector_58) <= (_vector_spacing << 0x5))), function at exception vector 58 too large)

.vector_59      0x9d03f960        0x0
 *(.vector_59)
                0x00000001                ASSERT (((_vector_spacing == 0x0) || (SIZEOF (.vector_59) <= (_vector_spacing << 0x5))), function at exception vector 59 too large)

.vector_60      0x9d03f980        0x0
 *(.vector_60)
                0x00000001                ASSERT (((_vector_spacing == 0x0) || (SIZEOF (.vector_60) <= (_vector_spacing << 0x5))), function at exception vector 60 too large)

.vector_61      0x9d03f9a0        0x0
 *(.vector_61)
                0x00000001                ASSERT (((_vector_spacing == 0x0) || (SIZEOF (.vector_61) <= (_vector_spacing << 0x5))), function at exception vector 61 too large)

.vector_62      0x9d03f9c0        0x0
 *(.vector_62)
                0x00000001                ASSERT (((_vector_spacing == 0x0) || (SIZEOF (.vector_62) <= (_vector_spacing << 0x5))), function at exception vector 62 too large)

.vector_63      0x9d03f9e0        0x0
 *(.vector_63)
                0x00000001                ASSERT (((_vector_spacing == 0x0) || (SIZEOF (.vector_63) <= (_vector_spacing << 0x5))), function at exception vector 63 too large)

.startup
 *(.startup)

.text           0x9d000000        0x0
 *(.stub .gnu.linkonce.t.*)
 *(.text.*personality*)
 *(.mips16.fn.*)
 *(.mips16.call.*)
 *(.gnu.warning)
                0x9d000000                . = ALIGN (0x4)

.init           0x9d000000        0x0
 *crti.o(.init)
 *crtbegin.o(.init)
 *(EXCLUDE_FILE(*crtn.o *crtend?.o *crtend.o) .init)
 *crtend.o(.init)
 *crtn.o(.init)
                0x9d000000                . = ALIGN (0x4)

.fini           0x9d000000        0x0
 *(.fini)
                0x9d000000                . = ALIGN (0x4)

.preinit_array  0x9d000000        0x0
                0x9d000000                PROVIDE (__preinit_array_start, .)
 *(.preinit_array)
                0x9d000000                PROVIDE (__preinit_array_end, .)
                0x9d000000                . = ALIGN (0x4)

.init_array     0x9d000000        0x0
                0x9d000000                PROVIDE (__init_array_start, .)
 *(SORT(.init_array.*))
 *(.init_array)
                0x9d000000                PROVIDE (__init_array_end, .)
                0x9d000000                . = ALIGN (0x4)

.fini_array     0x9d000000        0x0
                0x9d000000                PROVIDE (__fini_array_start, .)
 *(SORT(.fini_array.*))
 *(.fini_array)
                0x9d000000                PROVIDE (__fini_array_end, .)
                0x9d000000                . = ALIGN (0x4)

.ctors          0x9d000000        0x0
 *crtbegin.o(.ctors)
 *crtbegin?.o(.ctors)
 *(EXCLUDE_FILE(*crtend?.o *crtend.o) .ctors)
 *(SORT(.ctors.*))
 *(.ctors)
                0x9d000000                . = ALIGN (0x4)

.dtors          0x9d000000        0x0
 *crtbegin.o(.dtors)
 *crtbegin?.o(.dtors)
 *(EXCLUDE_FILE(*crtend?.o *crtend.o) .dtors)
 *(SORT(.dtors.*))
 *(.dtors)
                0x9d000000                . = ALIGN (0x4)

.rodata         0x9d000000        0x0
 *(.gnu.linkonce.r.*)
 *(.rodata1)
                0x9d000000                . = ALIGN (0x4)

.sdata2         0x9fc00490        0x0
 *(.sdata2 .sdata2.* .gnu.linkonce.s2.*)
                0x9fc00490                . = ALIGN (0x4)

.sbss2          0x9fc00490        0x0
 *(.sbss2 .sbss2.* .gnu.linkonce.sb2.*)
                0x9fc00490                . = ALIGN (0x4)

.eh_frame_hdr
 *(.eh_frame_hdr)
                0x9fc00490                . = ALIGN (0x4)

.eh_frame
 *(.eh_frame)
                0x9fc00490                . = ALIGN (0x4)

.gcc_except_table
 *(.gcc_except_table .gcc_except_table.*)
                0x9fc00490                . = ALIGN (0x4)

.dbg_data       0xa0000000        0x0
                0xa0000000                . = (. + DEFINED (_DEBUGGER)?0x200:0x0)

.jcr            0xa0000000        0x0
 *(.jcr)
                0xa0000000                . = ALIGN (0x4)

.eh_frame
 *(.eh_frame)
                0xa0000000                . = ALIGN (0x4)

.gcc_except_table
 *(.gcc_except_table .gcc_except_table.*)
                0xa0000000                . = ALIGN (0x4)

.persist        0xa0000000        0x0
                0xa0000000                _persist_begin = .
 *(.persist .persist.*)
 *(.pbss .pbss.*)
                0xa0000000                . = ALIGN (0x4)
                0xa0000000                _persist_end = .

.data           0xa0000000        0x0
 *(.gnu.linkonce.d.*)
 *(.data1)
                0xa0000000                . = ALIGN (0x4)
                0xa0000000                . = .
                0xa0007ff0                _gp = (ALIGN (0x10) + 0x7ff0)

.got            0xa0000000        0x0
 *(.got.plt)
 *(.got)
                0xa0000000                . = ALIGN (0x4)

.sdata          0xa0000000       0x14
                0xa0000000                _sdata_begin = .
 *(.sdata .sdata.* .gnu.linkonce.s.*)
 .sdata         0xa0000000        0xc build/FrameworkWith_u8g2/production/ProjectSource/TestHarnessService0.o
 .sdata         0xa000000c        0x4 c:/program files/microchip/xc32/v2.41/bin/bin/../../lib/gcc/pic32mx/4.8.3/../../../../pic32mx/lib\libpic32.a(xc32_uart.o)
                0xa000000c                __XC_UART
 .sdata         0xa0000010        0x4 c:/program files/microchip/xc32/v2.41/bin/bin/../../lib/gcc/pic32mx/4.8.3/../../../../pic32mx/lib\liblega-c.a(_iobdata.o)
                0xa0000010                _libc_data
                0xa0000014                . = ALIGN (0x4)
                0xa0000014                _sdata_end = .

.lit8
 *(.lit8)

.lit4
 *(.lit4)
                0xa0000014                . = ALIGN (0x4)
                0xa0000014                _data_end = .
                0xa0000014                _bss_begin = .

.sbss           0xa0000014       0x78
                0xa0000014                _sbss_begin = .
 *(.dynsbss)
 *(.sbss .sbss.* .gnu.linkonce.sb.*)
 .sbss          0xa0000014        0xc build/FrameworkWith_u8g2/production/FrameworkSource/ES_Port.o
 .sbss          0xa0000020       0x10 build/FrameworkWith_u8g2/production/FrameworkSource/ES_Timers.o
 .sbss          0xa0000030        0x8 build/FrameworkWith_u8g2/production/FrameworkSource/ES_Framework.o
 .sbss          0xa0000038        0x1 build/FrameworkWith_u8g2/production/ProjectSource/TestHarnessService0.o
 *fill*         0xa0000039        0x3 
 .sbss          0xa000003c        0x8 build/FrameworkWith_u8g2/production/ProjectSource/dbprintf.o
 .sbss          0xa0000044       0x14 build/FrameworkWith_u8g2/production/ProjectSource/MorseElements.o
 .sbss          0xa0000058        0x1 build/FrameworkWith_u8g2/production/ProjectSource/MorseDecode.o
 .sbss          0xa0000059        0x1 build/FrameworkWith_u8g2/production/ProjectSource/ButtonStatus.o
 *fill*         0xa000005a        0x2 
 .sbss          0xa000005c        0x8 build/FrameworkWith_u8g2/production/u8g2/u8g2_setup.o
 .sbss          0xa0000064        0x2 build/FrameworkWith_u8g2/production/u8g2/u8x8_byte.o
 .sbss          0xa0000066        0x4 build/FrameworkWith_u8g2/production/u8g2/u8x8_cad.o
 *fill*         0xa000006a        0x2 
 .sbss          0xa000006c        0x8 build/FrameworkWith_u8g2/production/u8g2/u8x8_u16toa.o
 .sbss          0xa0000074        0x4 build/FrameworkWith_u8g2/production/u8g2/u8x8_u8toa.o
 .sbss          0xa0000078        0x4 c:/program files/microchip/xc32/v2.41/bin/bin/../../lib/gcc/pic32mx/4.8.3/../../../../pic32mx/lib\liblega-c.a(errno.o)
                0xa0000078                errno
 *(.scommon)
 .scommon       0xa000007c        0x1 build/FrameworkWith_u8g2/production/FrameworkSource/ES_Port.o
                0xa000007c                _INTCON_temp
 *fill*         0xa000007d        0x1 
 .scommon       0xa000007e        0x2 build/FrameworkWith_u8g2/production/FrameworkSource/ES_Framework.o
                0xa000007e                Ready
 .scommon       0xa0000080        0xa build/FrameworkWith_u8g2/production/ProjectSource/MorseDecode.o
                0xa0000080                MorseString
                0xa0000088                MSIndex
                0xa0000089                LClength
                0xa000008a                _sbss_end = .
                0xa000008c                . = ALIGN (0x4)
 *fill*         0xa000008a        0x2 

.bss            0xa000008c        0x0
 *(.dynbss)
 *(COMMON)
                0xa000008c                . = ALIGN ((. != 0x0)?0x4:0x1)
                0xa000008c                . = ALIGN (0x4)
                0xa000008c                _end = .
                0xa000008c                _bss_end = .
                0x00010000                _bmxdudba_address = 0x10000
                0x00010000                _bmxdupba_address = 0x10000

/DISCARD/
 *(.pdr)
 *(.rel.dyn)
 *(.note.GNU-stack)
 *(.note.GNU-stack)
 *(.gnu_debuglink)
 *(.gnu.lto_*)
 *(.discard)

.gptab.sdata
 *(.gptab.data)
 *(.gptab.sdata)

.gptab.sbss
 *(.gptab.bss)
 *(.gptab.sbss)

.mdebug.abi32   0xa000008c        0x0
 *(.mdebug.abi32)
 .mdebug.abi32  0xa000008c        0x0 build/FrameworkWith_u8g2/production/FrameworkSource/ES_Port.o
 .mdebug.abi32  0xa000008c        0x0 build/FrameworkWith_u8g2/production/FrameworkSource/ES_Timers.o
 .mdebug.abi32  0xa000008c        0x0 build/FrameworkWith_u8g2/production/FrameworkSource/ES_LookupTables.o
 .mdebug.abi32  0xa000008c        0x0 build/FrameworkWith_u8g2/production/FrameworkSource/ES_CheckEvents.o
 .mdebug.abi32  0xa000008c        0x0 build/FrameworkWith_u8g2/production/FrameworkSource/ES_DeferRecall.o
 .mdebug.abi32  0xa000008c        0x0 build/FrameworkWith_u8g2/production/FrameworkSource/ES_Framework.o
 .mdebug.abi32  0xa000008c        0x0 build/FrameworkWith_u8g2/production/FrameworkSource/ES_Queue.o
 .mdebug.abi32  0xa000008c        0x0 build/FrameworkWith_u8g2/production/FrameworkSource/ES_PostList.o
 .mdebug.abi32  0xa000008c        0x0 build/FrameworkWith_u8g2/production/FrameworkSource/terminal.o
 .mdebug.abi32  0xa000008c        0x0 build/FrameworkWith_u8g2/production/ProjectSource/main.o
 .mdebug.abi32  0xa000008c        0x0 build/FrameworkWith_u8g2/production/ProjectSource/EventCheckers.o
 .mdebug.abi32  0xa000008c        0x0 build/FrameworkWith_u8g2/production/ProjectSource/TestHarnessService0.o
 .mdebug.abi32  0xa000008c        0x0 build/FrameworkWith_u8g2/production/ProjectSource/dbprintf.o
 .mdebug.abi32  0xa000008c        0x0 build/FrameworkWith_u8g2/production/ProjectSource/MorseElements.o
 .mdebug.abi32  0xa000008c        0x0 build/FrameworkWith_u8g2/production/ProjectSource/MorseDecode.o
 .mdebug.abi32  0xa000008c        0x0 build/FrameworkWith_u8g2/production/ProjectSource/ButtonStatus.o
 .mdebug.abi32  0xa000008c        0x0 build/FrameworkWith_u8g2/production/u8g2/spi_master.o
 .mdebug.abi32  0xa000008c        0x0 build/FrameworkWith_u8g2/production/u8g2/u8g2_bitmap.o
 .mdebug.abi32  0xa000008c        0x0 build/FrameworkWith_u8g2/production/u8g2/u8g2_box.o
 .mdebug.abi32  0xa000008c        0x0 build/FrameworkWith_u8g2/production/u8g2/u8g2_buffer.o
 .mdebug.abi32  0xa000008c        0x0 build/FrameworkWith_u8g2/production/u8g2/u8g2_circle.o
 .mdebug.abi32  0xa000008c        0x0 build/FrameworkWith_u8g2/production/u8g2/u8g2_cleardisplay.o
 .mdebug.abi32  0xa000008c        0x0 build/FrameworkWith_u8g2/production/u8g2/u8g2_d_memory.o
 .mdebug.abi32  0xa000008c        0x0 build/FrameworkWith_u8g2/production/u8g2/u8g2_d_setup.o
 .mdebug.abi32  0xa000008c        0x0 build/FrameworkWith_u8g2/production/u8g2/u8g2_font.o
 .mdebug.abi32  0xa000008c        0x0 build/FrameworkWith_u8g2/production/u8g2/u8g2_fonts.o
 .mdebug.abi32  0xa000008c        0x0 build/FrameworkWith_u8g2/production/u8g2/u8g2_hvline.o
 .mdebug.abi32  0xa000008c        0x0 build/FrameworkWith_u8g2/production/u8g2/u8g2_input_value.o
 .mdebug.abi32  0xa000008c        0x0 build/FrameworkWith_u8g2/production/u8g2/u8g2_intersection.o
 .mdebug.abi32  0xa000008c        0x0 build/FrameworkWith_u8g2/production/u8g2/u8g2_kerning.o
 .mdebug.abi32  0xa000008c        0x0 build/FrameworkWith_u8g2/production/u8g2/u8g2_line.o
 .mdebug.abi32  0xa000008c        0x0 build/FrameworkWith_u8g2/production/u8g2/u8g2_ll_hvline.o
 .mdebug.abi32  0xa000008c        0x0 build/FrameworkWith_u8g2/production/u8g2/u8g2_message.o
 .mdebug.abi32  0xa000008c        0x0 build/FrameworkWith_u8g2/production/u8g2/u8g2_pic32mz.o
 .mdebug.abi32  0xa000008c        0x0 build/FrameworkWith_u8g2/production/u8g2/u8g2_polygon.o
 .mdebug.abi32  0xa000008c        0x0 build/FrameworkWith_u8g2/production/u8g2/u8g2_selection_list.o
 .mdebug.abi32  0xa000008c        0x0 build/FrameworkWith_u8g2/production/u8g2/u8g2_setup.o
 .mdebug.abi32  0xa000008c        0x0 build/FrameworkWith_u8g2/production/u8g2/u8log.o
 .mdebug.abi32  0xa000008c        0x0 build/FrameworkWith_u8g2/production/u8g2/u8log_u8g2.o
 .mdebug.abi32  0xa000008c        0x0 build/FrameworkWith_u8g2/production/u8g2/u8log_u8x8.o
 .mdebug.abi32  0xa000008c        0x0 build/FrameworkWith_u8g2/production/u8g2/u8x8_8x8.o
 .mdebug.abi32  0xa000008c        0x0 build/FrameworkWith_u8g2/production/u8g2/u8x8_byte.o
 .mdebug.abi32  0xa000008c        0x0 build/FrameworkWith_u8g2/production/u8g2/u8x8_cad.o
 .mdebug.abi32  0xa000008c        0x0 build/FrameworkWith_u8g2/production/u8g2/u8x8_d_ssd1306_128x64_noname.o
 .mdebug.abi32  0xa000008c        0x0 build/FrameworkWith_u8g2/production/u8g2/u8x8_debounce.o
 .mdebug.abi32  0xa000008c        0x0 build/FrameworkWith_u8g2/production/u8g2/u8x8_display.o
 .mdebug.abi32  0xa000008c        0x0 build/FrameworkWith_u8g2/production/u8g2/u8x8_fonts.o
 .mdebug.abi32  0xa000008c        0x0 build/FrameworkWith_u8g2/production/u8g2/u8x8_gpio.o
 .mdebug.abi32  0xa000008c        0x0 build/FrameworkWith_u8g2/production/u8g2/u8x8_input_value.o
 .mdebug.abi32  0xa000008c        0x0 build/FrameworkWith_u8g2/production/u8g2/u8x8_message.o
 .mdebug.abi32  0xa000008c        0x0 build/FrameworkWith_u8g2/production/u8g2/u8x8_selection_list.o
 .mdebug.abi32  0xa000008c        0x0 build/FrameworkWith_u8g2/production/u8g2/u8x8_setup.o
 .mdebug.abi32  0xa000008c        0x0 build/FrameworkWith_u8g2/production/u8g2/u8x8_string.o
 .mdebug.abi32  0xa000008c        0x0 build/FrameworkWith_u8g2/production/u8g2/u8x8_u16toa.o
 .mdebug.abi32  0xa000008c        0x0 build/FrameworkWith_u8g2/production/u8g2/u8x8_u8toa.o
 .mdebug.abi32  0xa000008c        0x0 c:/program files/microchip/xc32/v2.41/bin/bin/../../lib/gcc/pic32mx/4.8.3/../../../../pic32mx/lib\libpic32.a(default-bootstrap-exception-handler.o)
 .mdebug.abi32  0xa000008c        0x0 c:/program files/microchip/xc32/v2.41/bin/bin/../../lib/gcc/pic32mx/4.8.3/../../../../pic32mx/lib\libpic32.a(default-on-reset.o)
 .mdebug.abi32  0xa000008c        0x0 c:/program files/microchip/xc32/v2.41/bin/bin/../../lib/gcc/pic32mx/4.8.3/../../../../pic32mx/lib\libpic32.a(default-on-bootstrap.o)
 .mdebug.abi32  0xa000008c        0x0 c:/program files/microchip/xc32/v2.41/bin/bin/../../lib/gcc/pic32mx/4.8.3/../../../../pic32mx/lib\libpic32.a(xc32_uart.o)
 .mdebug.abi32  0xa000008c        0x0 c:/program files/microchip/xc32/v2.41/bin/bin/../../lib/gcc/pic32mx/4.8.3/../../../../pic32mx/lib\libpic32.a(default-general-exception-handler.o)
 .mdebug.abi32  0xa000008c        0x0 c:/program files/microchip/xc32/v2.41/bin/bin/../../lib/gcc/pic32mx/4.8.3/../../../../pic32mx/lib\libpic32.a(defaultinterrupt.o)
 .mdebug.abi32  0xa000008c        0x0 c:/program files/microchip/xc32/v2.41/bin/bin/../../lib/gcc/pic32mx/4.8.3/../../../../pic32mx/lib\liblega-c.a(fputc.o)
 .mdebug.abi32  0xa000008c        0x0 c:/program files/microchip/xc32/v2.41/bin/bin/../../lib/gcc/pic32mx/4.8.3/../../../../pic32mx/lib\liblega-c.a(fputs.o)
 .mdebug.abi32  0xa000008c        0x0 c:/program files/microchip/xc32/v2.41/bin/bin/../../lib/gcc/pic32mx/4.8.3/../../../../pic32mx/lib\liblega-c.a(printf_cdnopuxX.eo)
 .mdebug.abi32  0xa000008c        0x0 c:/program files/microchip/xc32/v2.41/bin/bin/../../lib/gcc/pic32mx/4.8.3/../../../../pic32mx/lib\liblega-c.a(strlen.o)
 .mdebug.abi32  0xa000008c        0x0 c:/program files/microchip/xc32/v2.41/bin/bin/../../lib/gcc/pic32mx/4.8.3/../../../../pic32mx/lib\liblega-c.a(_doprnt_cdnopuxX.eo)
 .mdebug.abi32  0xa000008c        0x0 c:/program files/microchip/xc32/v2.41/bin/bin/../../lib/gcc/pic32mx/4.8.3/../../../../pic32mx/lib\liblega-c.a(_iobdata.o)
 .mdebug.abi32  0xa000008c        0x0 c:/program files/microchip/xc32/v2.41/bin/bin/../../lib/gcc/pic32mx/4.8.3/../../../../pic32mx/lib\liblega-c.a(_iobfuncs.o)
 .mdebug.abi32  0xa000008c        0x0 c:/program files/microchip/xc32/v2.41/bin/bin/../../lib/gcc/pic32mx/4.8.3/../../../../pic32mx/lib\liblega-c.a(errno.o)
 .mdebug.abi32  0xa000008c        0x0 c:/program files/microchip/xc32/v2.41/bin/bin/../../lib/gcc/pic32mx/4.8.3\libgcc.a(_udivdi3.o)
 .mdebug.abi32  0xa000008c        0x0 c:/program files/microchip/xc32/v2.41/bin/bin/../../lib/gcc/pic32mx/4.8.3\libgcc.a(_umoddi3.o)
 .mdebug.abi32  0xa000008c        0x0 c:/program files/microchip/xc32/v2.41/bin/bin/../../lib/gcc/pic32mx/4.8.3/../../../../pic32mx/lib\libpic32.a(_mon_getc.o)
 .mdebug.abi32  0xa000008c        0x0 c:/program files/microchip/xc32/v2.41/bin/bin/../../lib/gcc/pic32mx/4.8.3/../../../../pic32mx/lib\libpic32.a(_mon_write.o)
 .mdebug.abi32  0xa000008c        0x0 c:/program files/microchip/xc32/v2.41/bin/bin/../../lib/gcc/pic32mx/4.8.3/../../../../pic32mx/lib\libpic32.a(_mon_putc.o)

.mdebug.abiN32
 *(.mdebug.abiN32)

.mdebug.abi64
 *(.mdebug.abi64)

.mdebug.abiO64
 *(.mdebug.abiO64)

.mdebug.eabi32
 *(.mdebug.eabi32)

.mdebug.eabi64
 *(.mdebug.eabi64)

.gcc_compiled_long32
 *(.gcc_compiled_long32)

.gcc_compiled_long64
 *(.gcc_compiled_long64)

.stab
 *(.stab)

.stabstr
 *(.stabstr)

.stab.excl
 *(.stab.excl)

.stab.exclstr
 *(.stab.exclstr)

.stab.index
 *(.stab.index)

.stab.indexstr
 *(.stab.indexstr)

.comment        0x00000000      0x2c3
 *(.comment)
 .comment       0x00000000       0x3c build/FrameworkWith_u8g2/production/FrameworkSource/ES_Port.o
                                 0x3d (size before relaxing)
 .comment       0x00000000       0x3d build/FrameworkWith_u8g2/production/FrameworkSource/ES_Timers.o
 .comment       0x00000000       0x3d build/FrameworkWith_u8g2/production/FrameworkSource/ES_LookupTables.o
 .comment       0x00000000       0x3d build/FrameworkWith_u8g2/production/FrameworkSource/ES_CheckEvents.o
 .comment       0x00000000       0x3d build/FrameworkWith_u8g2/production/FrameworkSource/ES_DeferRecall.o
 .comment       0x00000000       0x3d build/FrameworkWith_u8g2/production/FrameworkSource/ES_Framework.o
 .comment       0x00000000       0x3d build/FrameworkWith_u8g2/production/FrameworkSource/ES_Queue.o
 .comment       0x00000000       0x3d build/FrameworkWith_u8g2/production/FrameworkSource/ES_PostList.o
 .comment       0x00000000       0x3d build/FrameworkWith_u8g2/production/FrameworkSource/terminal.o
 .comment       0x00000000       0x3d build/FrameworkWith_u8g2/production/ProjectSource/main.o
 .comment       0x00000000       0x3d build/FrameworkWith_u8g2/production/ProjectSource/EventCheckers.o
 .comment       0x00000000       0x3d build/FrameworkWith_u8g2/production/ProjectSource/TestHarnessService0.o
 .comment       0x00000000       0x3d build/FrameworkWith_u8g2/production/ProjectSource/dbprintf.o
 .comment       0x00000000       0x3d build/FrameworkWith_u8g2/production/ProjectSource/MorseElements.o
 .comment       0x00000000       0x3d build/FrameworkWith_u8g2/production/ProjectSource/MorseDecode.o
 .comment       0x00000000       0x3d build/FrameworkWith_u8g2/production/ProjectSource/ButtonStatus.o
 .comment       0x00000000       0x3d build/FrameworkWith_u8g2/production/u8g2/spi_master.o
 .comment       0x00000000       0x3d build/FrameworkWith_u8g2/production/u8g2/u8g2_bitmap.o
 .comment       0x00000000       0x3d build/FrameworkWith_u8g2/production/u8g2/u8g2_box.o
 .comment       0x00000000       0x3d build/FrameworkWith_u8g2/production/u8g2/u8g2_buffer.o
 .comment       0x00000000       0x3d build/FrameworkWith_u8g2/production/u8g2/u8g2_circle.o
 .comment       0x00000000       0x3d build/FrameworkWith_u8g2/production/u8g2/u8g2_cleardisplay.o
 .comment       0x00000000       0x3d build/FrameworkWith_u8g2/production/u8g2/u8g2_d_memory.o
 .comment       0x00000000       0x3d build/FrameworkWith_u8g2/production/u8g2/u8g2_d_setup.o
 .comment       0x00000000       0x3d build/FrameworkWith_u8g2/production/u8g2/u8g2_font.o
 .comment       0x00000000       0x3d build/FrameworkWith_u8g2/production/u8g2/u8g2_fonts.o
 .comment       0x00000000       0x3d build/FrameworkWith_u8g2/production/u8g2/u8g2_hvline.o
 .comment       0x00000000       0x3d build/FrameworkWith_u8g2/production/u8g2/u8g2_input_value.o
 .comment       0x00000000       0x3d build/FrameworkWith_u8g2/production/u8g2/u8g2_intersection.o
 .comment       0x00000000       0x3d build/FrameworkWith_u8g2/production/u8g2/u8g2_kerning.o
 .comment       0x00000000       0x3d build/FrameworkWith_u8g2/production/u8g2/u8g2_line.o
 .comment       0x00000000       0x3d build/FrameworkWith_u8g2/production/u8g2/u8g2_ll_hvline.o
 .comment       0x00000000       0x3d build/FrameworkWith_u8g2/production/u8g2/u8g2_message.o
 .comment       0x00000000       0x3d build/FrameworkWith_u8g2/production/u8g2/u8g2_pic32mz.o
 .comment       0x00000000       0x3d build/FrameworkWith_u8g2/production/u8g2/u8g2_polygon.o
 .comment       0x00000000       0x3d build/FrameworkWith_u8g2/production/u8g2/u8g2_selection_list.o
 .comment       0x00000000       0x3d build/FrameworkWith_u8g2/production/u8g2/u8g2_setup.o
 .comment       0x00000000       0x3d build/FrameworkWith_u8g2/production/u8g2/u8log.o
 .comment       0x00000000       0x3d build/FrameworkWith_u8g2/production/u8g2/u8log_u8g2.o
 .comment       0x00000000       0x3d build/FrameworkWith_u8g2/production/u8g2/u8log_u8x8.o
 .comment       0x00000000       0x3d build/FrameworkWith_u8g2/production/u8g2/u8x8_8x8.o
 .comment       0x00000000       0x3d build/FrameworkWith_u8g2/production/u8g2/u8x8_byte.o
 .comment       0x00000000       0x3d build/FrameworkWith_u8g2/production/u8g2/u8x8_cad.o
 .comment       0x00000000       0x3d build/FrameworkWith_u8g2/production/u8g2/u8x8_d_ssd1306_128x64_noname.o
 .comment       0x00000000       0x3d build/FrameworkWith_u8g2/production/u8g2/u8x8_debounce.o
 .comment       0x00000000       0x3d build/FrameworkWith_u8g2/production/u8g2/u8x8_display.o
 .comment       0x00000000       0x3d build/FrameworkWith_u8g2/production/u8g2/u8x8_fonts.o
 .comment       0x00000000       0x3d build/FrameworkWith_u8g2/production/u8g2/u8x8_gpio.o
 .comment       0x00000000       0x3d build/FrameworkWith_u8g2/production/u8g2/u8x8_input_value.o
 .comment       0x00000000       0x3d build/FrameworkWith_u8g2/production/u8g2/u8x8_message.o
 .comment       0x00000000       0x3d build/FrameworkWith_u8g2/production/u8g2/u8x8_selection_list.o
 .comment       0x00000000       0x3d build/FrameworkWith_u8g2/production/u8g2/u8x8_setup.o
 .comment       0x00000000       0x3d build/FrameworkWith_u8g2/production/u8g2/u8x8_string.o
 .comment       0x00000000       0x3d build/FrameworkWith_u8g2/production/u8g2/u8x8_u16toa.o
 .comment       0x00000000       0x3d build/FrameworkWith_u8g2/production/u8g2/u8x8_u8toa.o
 .comment       0x00000000       0x3d c:/program files/microchip/xc32/v2.41/bin/bin/../../lib/gcc/pic32mx/4.8.3/../../../../pic32mx/lib\libpic32.a(default-bootstrap-exception-handler.o)
 .comment       0x00000000       0x3d c:/program files/microchip/xc32/v2.41/bin/bin/../../lib/gcc/pic32mx/4.8.3/../../../../pic32mx/lib\libpic32.a(default-on-reset.o)
 .comment       0x00000000       0x3d c:/program files/microchip/xc32/v2.41/bin/bin/../../lib/gcc/pic32mx/4.8.3/../../../../pic32mx/lib\libpic32.a(default-on-bootstrap.o)
 .comment       0x00000000       0x3d c:/program files/microchip/xc32/v2.41/bin/bin/../../lib/gcc/pic32mx/4.8.3/../../../../pic32mx/lib\libpic32.a(xc32_uart.o)
 .comment       0x00000000       0x3d c:/program files/microchip/xc32/v2.41/bin/bin/../../lib/gcc/pic32mx/4.8.3/../../../../pic32mx/lib\libpic32.a(default-general-exception-handler.o)
 .comment       0x00000000       0x3d c:/program files/microchip/xc32/v2.41/bin/bin/../../lib/gcc/pic32mx/4.8.3/../../../../pic32mx/lib\libpic32.a(defaultinterrupt.o)
 .comment       0x0000003c       0x50 c:/program files/microchip/xc32/v2.41/bin/bin/../../lib/gcc/pic32mx/4.8.3/../../../../pic32mx/lib\liblega-c.a(fputc.o)
                                 0x8d (size before relaxing)
 .comment       0x0000008c       0x50 c:/program files/microchip/xc32/v2.41/bin/bin/../../lib/gcc/pic32mx/4.8.3/../../../../pic32mx/lib\liblega-c.a(fputs.o)
                                 0x8d (size before relaxing)
 .comment       0x000000dc       0x51 c:/program files/microchip/xc32/v2.41/bin/bin/../../lib/gcc/pic32mx/4.8.3/../../../../pic32mx/lib\liblega-c.a(printf_cdnopuxX.eo)
                                 0x8e (size before relaxing)
 .comment       0x0000012d       0x4f c:/program files/microchip/xc32/v2.41/bin/bin/../../lib/gcc/pic32mx/4.8.3/../../../../pic32mx/lib\liblega-c.a(strlen.o)
                                 0x8c (size before relaxing)
 .comment       0x0000017c       0x52 c:/program files/microchip/xc32/v2.41/bin/bin/../../lib/gcc/pic32mx/4.8.3/../../../../pic32mx/lib\liblega-c.a(_doprnt_cdnopuxX.eo)
                                 0x8f (size before relaxing)
 .comment       0x000001ce       0x53 c:/program files/microchip/xc32/v2.41/bin/bin/../../lib/gcc/pic32mx/4.8.3/../../../../pic32mx/lib\liblega-c.a(_iobdata.o)
                                 0x90 (size before relaxing)
 .comment       0x00000221       0x54 c:/program files/microchip/xc32/v2.41/bin/bin/../../lib/gcc/pic32mx/4.8.3/../../../../pic32mx/lib\liblega-c.a(_iobfuncs.o)
                                 0x91 (size before relaxing)
 .comment       0x00000275       0x4e c:/program files/microchip/xc32/v2.41/bin/bin/../../lib/gcc/pic32mx/4.8.3/../../../../pic32mx/lib\liblega-c.a(errno.o)
                                 0x8b (size before relaxing)
 .comment       0x00000000       0x3d c:/program files/microchip/xc32/v2.41/bin/bin/../../lib/gcc/pic32mx/4.8.3\libgcc.a(_udivdi3.o)
 .comment       0x00000000       0x3d c:/program files/microchip/xc32/v2.41/bin/bin/../../lib/gcc/pic32mx/4.8.3\libgcc.a(_umoddi3.o)
 .comment       0x00000000       0x3d c:/program files/microchip/xc32/v2.41/bin/bin/../../lib/gcc/pic32mx/4.8.3/../../../../pic32mx/lib\libpic32.a(_mon_getc.o)
 .comment       0x00000000       0x3d c:/program files/microchip/xc32/v2.41/bin/bin/../../lib/gcc/pic32mx/4.8.3/../../../../pic32mx/lib\libpic32.a(_mon_write.o)
 .comment       0x00000000       0x3d c:/program files/microchip/xc32/v2.41/bin/bin/../../lib/gcc/pic32mx/4.8.3/../../../../pic32mx/lib\libpic32.a(_mon_putc.o)

.debug
 *(.debug)

.line
 *(.line)

.debug_srcinfo
 *(.debug_srcinfo)

.debug_sfnames
 *(.debug_sfnames)

.debug_aranges  0x00000000      0x808
 *(.debug_aranges)
 .debug_aranges
                0x00000000       0x20 build/FrameworkWith_u8g2/production/FrameworkSource/ES_Port.o
 .debug_aranges
                0x00000020       0x20 build/FrameworkWith_u8g2/production/FrameworkSource/ES_Timers.o
 .debug_aranges
                0x00000040       0x20 build/FrameworkWith_u8g2/production/FrameworkSource/ES_LookupTables.o
 .debug_aranges
                0x00000060       0x20 build/FrameworkWith_u8g2/production/FrameworkSource/ES_CheckEvents.o
 .debug_aranges
                0x00000080       0x20 build/FrameworkWith_u8g2/production/FrameworkSource/ES_DeferRecall.o
 .debug_aranges
                0x000000a0       0x20 build/FrameworkWith_u8g2/production/FrameworkSource/ES_Framework.o
 .debug_aranges
                0x000000c0       0x20 build/FrameworkWith_u8g2/production/FrameworkSource/ES_Queue.o
 .debug_aranges
                0x000000e0       0x18 build/FrameworkWith_u8g2/production/FrameworkSource/ES_PostList.o
 .debug_aranges
                0x000000f8       0x20 build/FrameworkWith_u8g2/production/FrameworkSource/terminal.o
 .debug_aranges
                0x00000118       0x20 build/FrameworkWith_u8g2/production/ProjectSource/main.o
 .debug_aranges
                0x00000138       0x20 build/FrameworkWith_u8g2/production/ProjectSource/EventCheckers.o
 .debug_aranges
                0x00000158       0x20 build/FrameworkWith_u8g2/production/ProjectSource/TestHarnessService0.o
 .debug_aranges
                0x00000178       0x20 build/FrameworkWith_u8g2/production/ProjectSource/dbprintf.o
 .debug_aranges
                0x00000198       0x20 build/FrameworkWith_u8g2/production/ProjectSource/MorseElements.o
 .debug_aranges
                0x000001b8       0x20 build/FrameworkWith_u8g2/production/ProjectSource/MorseDecode.o
 .debug_aranges
                0x000001d8       0x20 build/FrameworkWith_u8g2/production/ProjectSource/ButtonStatus.o
 .debug_aranges
                0x000001f8       0x20 build/FrameworkWith_u8g2/production/u8g2/spi_master.o
 .debug_aranges
                0x00000218       0x20 build/FrameworkWith_u8g2/production/u8g2/u8g2_bitmap.o
 .debug_aranges
                0x00000238       0x20 build/FrameworkWith_u8g2/production/u8g2/u8g2_box.o
 .debug_aranges
                0x00000258       0x20 build/FrameworkWith_u8g2/production/u8g2/u8g2_buffer.o
 .debug_aranges
                0x00000278       0x20 build/FrameworkWith_u8g2/production/u8g2/u8g2_circle.o
 .debug_aranges
                0x00000298       0x20 build/FrameworkWith_u8g2/production/u8g2/u8g2_cleardisplay.o
 .debug_aranges
                0x000002b8       0x20 build/FrameworkWith_u8g2/production/u8g2/u8g2_d_memory.o
 .debug_aranges
                0x000002d8       0x20 build/FrameworkWith_u8g2/production/u8g2/u8g2_d_setup.o
 .debug_aranges
                0x000002f8       0x20 build/FrameworkWith_u8g2/production/u8g2/u8g2_font.o
 .debug_aranges
                0x00000318       0x18 build/FrameworkWith_u8g2/production/u8g2/u8g2_fonts.o
 .debug_aranges
                0x00000330       0x20 build/FrameworkWith_u8g2/production/u8g2/u8g2_hvline.o
 .debug_aranges
                0x00000350       0x20 build/FrameworkWith_u8g2/production/u8g2/u8g2_input_value.o
 .debug_aranges
                0x00000370       0x20 build/FrameworkWith_u8g2/production/u8g2/u8g2_intersection.o
 .debug_aranges
                0x00000390       0x20 build/FrameworkWith_u8g2/production/u8g2/u8g2_kerning.o
 .debug_aranges
                0x000003b0       0x20 build/FrameworkWith_u8g2/production/u8g2/u8g2_line.o
 .debug_aranges
                0x000003d0       0x20 build/FrameworkWith_u8g2/production/u8g2/u8g2_ll_hvline.o
 .debug_aranges
                0x000003f0       0x20 build/FrameworkWith_u8g2/production/u8g2/u8g2_message.o
 .debug_aranges
                0x00000410       0x20 build/FrameworkWith_u8g2/production/u8g2/u8g2_pic32mz.o
 .debug_aranges
                0x00000430       0x20 build/FrameworkWith_u8g2/production/u8g2/u8g2_polygon.o
 .debug_aranges
                0x00000450       0x20 build/FrameworkWith_u8g2/production/u8g2/u8g2_selection_list.o
 .debug_aranges
                0x00000470       0x20 build/FrameworkWith_u8g2/production/u8g2/u8g2_setup.o
 .debug_aranges
                0x00000490       0x20 build/FrameworkWith_u8g2/production/u8g2/u8log.o
 .debug_aranges
                0x000004b0       0x20 build/FrameworkWith_u8g2/production/u8g2/u8log_u8g2.o
 .debug_aranges
                0x000004d0       0x20 build/FrameworkWith_u8g2/production/u8g2/u8log_u8x8.o
 .debug_aranges
                0x000004f0       0x20 build/FrameworkWith_u8g2/production/u8g2/u8x8_8x8.o
 .debug_aranges
                0x00000510       0x20 build/FrameworkWith_u8g2/production/u8g2/u8x8_byte.o
 .debug_aranges
                0x00000530       0x20 build/FrameworkWith_u8g2/production/u8g2/u8x8_cad.o
 .debug_aranges
                0x00000550       0x20 build/FrameworkWith_u8g2/production/u8g2/u8x8_d_ssd1306_128x64_noname.o
 .debug_aranges
                0x00000570       0x20 build/FrameworkWith_u8g2/production/u8g2/u8x8_debounce.o
 .debug_aranges
                0x00000590       0x20 build/FrameworkWith_u8g2/production/u8g2/u8x8_display.o
 .debug_aranges
                0x000005b0       0x18 build/FrameworkWith_u8g2/production/u8g2/u8x8_fonts.o
 .debug_aranges
                0x000005c8       0x20 build/FrameworkWith_u8g2/production/u8g2/u8x8_gpio.o
 .debug_aranges
                0x000005e8       0x20 build/FrameworkWith_u8g2/production/u8g2/u8x8_input_value.o
 .debug_aranges
                0x00000608       0x20 build/FrameworkWith_u8g2/production/u8g2/u8x8_message.o
 .debug_aranges
                0x00000628       0x20 build/FrameworkWith_u8g2/production/u8g2/u8x8_selection_list.o
 .debug_aranges
                0x00000648       0x20 build/FrameworkWith_u8g2/production/u8g2/u8x8_setup.o
 .debug_aranges
                0x00000668       0x20 build/FrameworkWith_u8g2/production/u8g2/u8x8_string.o
 .debug_aranges
                0x00000688       0x20 build/FrameworkWith_u8g2/production/u8g2/u8x8_u16toa.o
 .debug_aranges
                0x000006a8       0x20 build/FrameworkWith_u8g2/production/u8g2/u8x8_u8toa.o
 .debug_aranges
                0x000006c8       0x20 c:/program files/microchip/xc32/v2.41/bin/bin/../../lib/gcc/pic32mx/4.8.3/../../../../pic32mx/lib\libpic32.a(default-bootstrap-exception-handler.o)
 .debug_aranges
                0x000006e8       0x20 c:/program files/microchip/xc32/v2.41/bin/bin/../../lib/gcc/pic32mx/4.8.3/../../../../pic32mx/lib\libpic32.a(default-on-reset.o)
 .debug_aranges
                0x00000708       0x20 c:/program files/microchip/xc32/v2.41/bin/bin/../../lib/gcc/pic32mx/4.8.3/../../../../pic32mx/lib\libpic32.a(default-on-bootstrap.o)
 .debug_aranges
                0x00000728       0x20 c:/program files/microchip/xc32/v2.41/bin/bin/../../lib/gcc/pic32mx/4.8.3/../../../../pic32mx/lib\libpic32.a(default-general-exception-handler.o)
 .debug_aranges
                0x00000748       0x20 c:/program files/microchip/xc32/v2.41/bin/bin/../../lib/gcc/pic32mx/4.8.3/../../../../pic32mx/lib\libpic32.a(defaultinterrupt.o)
 .debug_aranges
                0x00000768       0x20 c:/program files/microchip/xc32/v2.41/bin/bin/../../lib/gcc/pic32mx/4.8.3\libgcc.a(_udivdi3.o)
 .debug_aranges
                0x00000788       0x20 c:/program files/microchip/xc32/v2.41/bin/bin/../../lib/gcc/pic32mx/4.8.3\libgcc.a(_umoddi3.o)
 .debug_aranges
                0x000007a8       0x20 c:/program files/microchip/xc32/v2.41/bin/bin/../../lib/gcc/pic32mx/4.8.3/../../../../pic32mx/lib\libpic32.a(_mon_getc.o)
 .debug_aranges
                0x000007c8       0x20 c:/program files/microchip/xc32/v2.41/bin/bin/../../lib/gcc/pic32mx/4.8.3/../../../../pic32mx/lib\libpic32.a(_mon_write.o)
 .debug_aranges
                0x000007e8       0x20 c:/program files/microchip/xc32/v2.41/bin/bin/../../lib/gcc/pic32mx/4.8.3/../../../../pic32mx/lib\libpic32.a(_mon_putc.o)

.debug_pubnames
 *(.debug_pubnames)

.debug_info     0x00000000    0x25dce
 *(.debug_info .gnu.linkonce.wi.*)
 .debug_info    0x00000000      0xb9f build/FrameworkWith_u8g2/production/FrameworkSource/ES_Port.o
 .debug_info    0x00000b9f      0x6b1 build/FrameworkWith_u8g2/production/FrameworkSource/ES_Timers.o
 .debug_info    0x00001250      0x242 build/FrameworkWith_u8g2/production/FrameworkSource/ES_LookupTables.o
 .debug_info    0x00001492      0x1a5 build/FrameworkWith_u8g2/production/FrameworkSource/ES_CheckEvents.o
 .debug_info    0x00001637      0x360 build/FrameworkWith_u8g2/production/FrameworkSource/ES_DeferRecall.o
 .debug_info    0x00001997      0x732 build/FrameworkWith_u8g2/production/FrameworkSource/ES_Framework.o
 .debug_info    0x000020c9      0x4eb build/FrameworkWith_u8g2/production/FrameworkSource/ES_Queue.o
 .debug_info    0x000025b4      0x12e build/FrameworkWith_u8g2/production/FrameworkSource/ES_PostList.o
 .debug_info    0x000026e2      0xa29 build/FrameworkWith_u8g2/production/FrameworkSource/terminal.o
 .debug_info    0x0000310b      0x24d build/FrameworkWith_u8g2/production/ProjectSource/main.o
 .debug_info    0x00003358      0x559 build/FrameworkWith_u8g2/production/ProjectSource/EventCheckers.o
 .debug_info    0x000038b1     0x10aa build/FrameworkWith_u8g2/production/ProjectSource/TestHarnessService0.o
 .debug_info    0x0000495b      0x299 build/FrameworkWith_u8g2/production/ProjectSource/dbprintf.o
 .debug_info    0x00004bf4      0xa42 build/FrameworkWith_u8g2/production/ProjectSource/MorseElements.o
 .debug_info    0x00005636      0x55b build/FrameworkWith_u8g2/production/ProjectSource/MorseDecode.o
 .debug_info    0x00005b91      0x539 build/FrameworkWith_u8g2/production/ProjectSource/ButtonStatus.o
 .debug_info    0x000060ca      0xa41 build/FrameworkWith_u8g2/production/u8g2/spi_master.o
 .debug_info    0x00006b0b     0x1162 build/FrameworkWith_u8g2/production/u8g2/u8g2_bitmap.o
 .debug_info    0x00007c6d     0x105e build/FrameworkWith_u8g2/production/u8g2/u8g2_box.o
 .debug_info    0x00008ccb     0x1107 build/FrameworkWith_u8g2/production/u8g2/u8g2_buffer.o
 .debug_info    0x00009dd2     0x1559 build/FrameworkWith_u8g2/production/u8g2/u8g2_circle.o
 .debug_info    0x0000b32b      0xe2e build/FrameworkWith_u8g2/production/u8g2/u8g2_cleardisplay.o
 .debug_info    0x0000c159      0x1dc build/FrameworkWith_u8g2/production/u8g2/u8g2_d_memory.o
 .debug_info    0x0000c335      0xeef build/FrameworkWith_u8g2/production/u8g2/u8g2_d_setup.o
 .debug_info    0x0000d224     0x21ed build/FrameworkWith_u8g2/production/u8g2/u8g2_font.o
 .debug_info    0x0000f411      0x159 build/FrameworkWith_u8g2/production/u8g2/u8g2_fonts.o
 .debug_info    0x0000f56a     0x1087 build/FrameworkWith_u8g2/production/u8g2/u8g2_hvline.o
 .debug_info    0x000105f1      0xf49 build/FrameworkWith_u8g2/production/u8g2/u8g2_input_value.o
 .debug_info    0x0001153a      0xed8 build/FrameworkWith_u8g2/production/u8g2/u8g2_intersection.o
 .debug_info    0x00012412      0xff0 build/FrameworkWith_u8g2/production/u8g2/u8g2_kerning.o
 .debug_info    0x00013402      0xed7 build/FrameworkWith_u8g2/production/u8g2/u8g2_line.o
 .debug_info    0x000142d9      0xf95 build/FrameworkWith_u8g2/production/u8g2/u8g2_ll_hvline.o
 .debug_info    0x0001526e      0xfdf build/FrameworkWith_u8g2/production/u8g2/u8g2_message.o
 .debug_info    0x0001624d      0x8cb build/FrameworkWith_u8g2/production/u8g2/u8g2_pic32mz.o
 .debug_info    0x00016b18     0x152c build/FrameworkWith_u8g2/production/u8g2/u8g2_polygon.o
 .debug_info    0x00018044     0x121d build/FrameworkWith_u8g2/production/u8g2/u8g2_selection_list.o
 .debug_info    0x00019261     0x1570 build/FrameworkWith_u8g2/production/u8g2/u8g2_setup.o
 .debug_info    0x0001a7d1      0x793 build/FrameworkWith_u8g2/production/u8g2/u8log.o
 .debug_info    0x0001af64     0x106e build/FrameworkWith_u8g2/production/u8g2/u8log_u8g2.o
 .debug_info    0x0001bfd2      0x903 build/FrameworkWith_u8g2/production/u8g2/u8log_u8x8.o
 .debug_info    0x0001c8d5      0xfef build/FrameworkWith_u8g2/production/u8g2/u8x8_8x8.o
 .debug_info    0x0001d8c4      0xea8 build/FrameworkWith_u8g2/production/u8g2/u8x8_byte.o
 .debug_info    0x0001e76c      0xedd build/FrameworkWith_u8g2/production/u8g2/u8x8_cad.o
 .debug_info    0x0001f649      0xc6b build/FrameworkWith_u8g2/production/u8g2/u8x8_d_ssd1306_128x64_noname.o
 .debug_info    0x000202b4      0x731 build/FrameworkWith_u8g2/production/u8g2/u8x8_debounce.o
 .debug_info    0x000209e5      0xa62 build/FrameworkWith_u8g2/production/u8g2/u8x8_display.o
 .debug_info    0x00021447      0x105 build/FrameworkWith_u8g2/production/u8g2/u8x8_fonts.o
 .debug_info    0x0002154c      0x66a build/FrameworkWith_u8g2/production/u8g2/u8x8_gpio.o
 .debug_info    0x00021bb6      0x759 build/FrameworkWith_u8g2/production/u8g2/u8x8_input_value.o
 .debug_info    0x0002230f      0x7c0 build/FrameworkWith_u8g2/production/u8g2/u8x8_message.o
 .debug_info    0x00022acf      0x907 build/FrameworkWith_u8g2/production/u8g2/u8x8_selection_list.o
 .debug_info    0x000233d6      0x7a5 build/FrameworkWith_u8g2/production/u8g2/u8x8_setup.o
 .debug_info    0x00023b7b      0x86a build/FrameworkWith_u8g2/production/u8g2/u8x8_string.o
 .debug_info    0x000243e5      0x21b build/FrameworkWith_u8g2/production/u8g2/u8x8_u16toa.o
 .debug_info    0x00024600      0x237 build/FrameworkWith_u8g2/production/u8g2/u8x8_u8toa.o
 .debug_info    0x00024837       0xf4 c:/program files/microchip/xc32/v2.41/bin/bin/../../lib/gcc/pic32mx/4.8.3/../../../../pic32mx/lib\libpic32.a(default-bootstrap-exception-handler.o)
 .debug_info    0x0002492b       0xcd c:/program files/microchip/xc32/v2.41/bin/bin/../../lib/gcc/pic32mx/4.8.3/../../../../pic32mx/lib\libpic32.a(default-on-reset.o)
 .debug_info    0x000249f8       0xd5 c:/program files/microchip/xc32/v2.41/bin/bin/../../lib/gcc/pic32mx/4.8.3/../../../../pic32mx/lib\libpic32.a(default-on-bootstrap.o)
 .debug_info    0x00024acd       0xf0 c:/program files/microchip/xc32/v2.41/bin/bin/../../lib/gcc/pic32mx/4.8.3/../../../../pic32mx/lib\libpic32.a(default-general-exception-handler.o)
 .debug_info    0x00024bbd       0xe7 c:/program files/microchip/xc32/v2.41/bin/bin/../../lib/gcc/pic32mx/4.8.3/../../../../pic32mx/lib\libpic32.a(defaultinterrupt.o)
 .debug_info    0x00024ca4      0x74b c:/program files/microchip/xc32/v2.41/bin/bin/../../lib/gcc/pic32mx/4.8.3\libgcc.a(_udivdi3.o)
 .debug_info    0x000253ef      0x788 c:/program files/microchip/xc32/v2.41/bin/bin/../../lib/gcc/pic32mx/4.8.3\libgcc.a(_umoddi3.o)
 .debug_info    0x00025b77       0xc7 c:/program files/microchip/xc32/v2.41/bin/bin/../../lib/gcc/pic32mx/4.8.3/../../../../pic32mx/lib\libpic32.a(_mon_getc.o)
 .debug_info    0x00025c3e       0xc9 c:/program files/microchip/xc32/v2.41/bin/bin/../../lib/gcc/pic32mx/4.8.3/../../../../pic32mx/lib\libpic32.a(_mon_write.o)
 .debug_info    0x00025d07       0xc7 c:/program files/microchip/xc32/v2.41/bin/bin/../../lib/gcc/pic32mx/4.8.3/../../../../pic32mx/lib\libpic32.a(_mon_putc.o)

.debug_abbrev   0x00000000     0x407e
 *(.debug_abbrev)
 .debug_abbrev  0x00000000      0x15d build/FrameworkWith_u8g2/production/FrameworkSource/ES_Port.o
 .debug_abbrev  0x0000015d      0x14e build/FrameworkWith_u8g2/production/FrameworkSource/ES_Timers.o
 .debug_abbrev  0x000002ab       0x90 build/FrameworkWith_u8g2/production/FrameworkSource/ES_LookupTables.o
 .debug_abbrev  0x0000033b       0x82 build/FrameworkWith_u8g2/production/FrameworkSource/ES_CheckEvents.o
 .debug_abbrev  0x000003bd       0xb0 build/FrameworkWith_u8g2/production/FrameworkSource/ES_DeferRecall.o
 .debug_abbrev  0x0000046d      0x13c build/FrameworkWith_u8g2/production/FrameworkSource/ES_Framework.o
 .debug_abbrev  0x000005a9       0xf5 build/FrameworkWith_u8g2/production/FrameworkSource/ES_Queue.o
 .debug_abbrev  0x0000069e       0x1b build/FrameworkWith_u8g2/production/FrameworkSource/ES_PostList.o
 .debug_abbrev  0x000006b9       0xf6 build/FrameworkWith_u8g2/production/FrameworkSource/terminal.o
 .debug_abbrev  0x000007af       0x69 build/FrameworkWith_u8g2/production/ProjectSource/main.o
 .debug_abbrev  0x00000818       0xf2 build/FrameworkWith_u8g2/production/ProjectSource/EventCheckers.o
 .debug_abbrev  0x0000090a      0x18e build/FrameworkWith_u8g2/production/ProjectSource/TestHarnessService0.o
 .debug_abbrev  0x00000a98       0xca build/FrameworkWith_u8g2/production/ProjectSource/dbprintf.o
 .debug_abbrev  0x00000b62      0x18f build/FrameworkWith_u8g2/production/ProjectSource/MorseElements.o
 .debug_abbrev  0x00000cf1      0x109 build/FrameworkWith_u8g2/production/ProjectSource/MorseDecode.o
 .debug_abbrev  0x00000dfa      0x10a build/FrameworkWith_u8g2/production/ProjectSource/ButtonStatus.o
 .debug_abbrev  0x00000f04       0xff build/FrameworkWith_u8g2/production/u8g2/spi_master.o
 .debug_abbrev  0x00001003      0x14d build/FrameworkWith_u8g2/production/u8g2/u8g2_bitmap.o
 .debug_abbrev  0x00001150      0x129 build/FrameworkWith_u8g2/production/u8g2/u8g2_box.o
 .debug_abbrev  0x00001279      0x158 build/FrameworkWith_u8g2/production/u8g2/u8g2_buffer.o
 .debug_abbrev  0x000013d1      0x19b build/FrameworkWith_u8g2/production/u8g2/u8g2_circle.o
 .debug_abbrev  0x0000156c       0xec build/FrameworkWith_u8g2/production/u8g2/u8g2_cleardisplay.o
 .debug_abbrev  0x00001658       0x91 build/FrameworkWith_u8g2/production/u8g2/u8g2_d_memory.o
 .debug_abbrev  0x000016e9      0x133 build/FrameworkWith_u8g2/production/u8g2/u8g2_d_setup.o
 .debug_abbrev  0x0000181c      0x282 build/FrameworkWith_u8g2/production/u8g2/u8g2_font.o
 .debug_abbrev  0x00001a9e       0x52 build/FrameworkWith_u8g2/production/u8g2/u8g2_fonts.o
 .debug_abbrev  0x00001af0      0x13e build/FrameworkWith_u8g2/production/u8g2/u8g2_hvline.o
 .debug_abbrev  0x00001c2e      0x10e build/FrameworkWith_u8g2/production/u8g2/u8g2_input_value.o
 .debug_abbrev  0x00001d3c      0x10a build/FrameworkWith_u8g2/production/u8g2/u8g2_intersection.o
 .debug_abbrev  0x00001e46      0x119 build/FrameworkWith_u8g2/production/u8g2/u8g2_kerning.o
 .debug_abbrev  0x00001f5f       0xfb build/FrameworkWith_u8g2/production/u8g2/u8g2_line.o
 .debug_abbrev  0x0000205a      0x124 build/FrameworkWith_u8g2/production/u8g2/u8g2_ll_hvline.o
 .debug_abbrev  0x0000217e      0x128 build/FrameworkWith_u8g2/production/u8g2/u8g2_message.o
 .debug_abbrev  0x000022a6      0x136 build/FrameworkWith_u8g2/production/u8g2/u8g2_pic32mz.o
 .debug_abbrev  0x000023dc      0x208 build/FrameworkWith_u8g2/production/u8g2/u8g2_polygon.o
 .debug_abbrev  0x000025e4      0x16b build/FrameworkWith_u8g2/production/u8g2/u8g2_selection_list.o
 .debug_abbrev  0x0000274f      0x1b5 build/FrameworkWith_u8g2/production/u8g2/u8g2_setup.o
 .debug_abbrev  0x00002904      0x154 build/FrameworkWith_u8g2/production/u8g2/u8log.o
 .debug_abbrev  0x00002a58      0x115 build/FrameworkWith_u8g2/production/u8g2/u8log_u8g2.o
 .debug_abbrev  0x00002b6d      0x10f build/FrameworkWith_u8g2/production/u8g2/u8log_u8x8.o
 .debug_abbrev  0x00002c7c      0x212 build/FrameworkWith_u8g2/production/u8g2/u8x8_8x8.o
 .debug_abbrev  0x00002e8e      0x1a9 build/FrameworkWith_u8g2/production/u8g2/u8x8_byte.o
 .debug_abbrev  0x00003037      0x19e build/FrameworkWith_u8g2/production/u8g2/u8x8_cad.o
 .debug_abbrev  0x000031d5      0x133 build/FrameworkWith_u8g2/production/u8g2/u8x8_d_ssd1306_128x64_noname.o
 .debug_abbrev  0x00003308      0x10c build/FrameworkWith_u8g2/production/u8g2/u8x8_debounce.o
 .debug_abbrev  0x00003414      0x156 build/FrameworkWith_u8g2/production/u8g2/u8x8_display.o
 .debug_abbrev  0x0000356a       0x1b build/FrameworkWith_u8g2/production/u8g2/u8x8_fonts.o
 .debug_abbrev  0x00003585       0xb8 build/FrameworkWith_u8g2/production/u8g2/u8x8_gpio.o
 .debug_abbrev  0x0000363d       0xcb build/FrameworkWith_u8g2/production/u8g2/u8x8_input_value.o
 .debug_abbrev  0x00003708       0xe5 build/FrameworkWith_u8g2/production/u8g2/u8x8_message.o
 .debug_abbrev  0x000037ed      0x118 build/FrameworkWith_u8g2/production/u8g2/u8x8_selection_list.o
 .debug_abbrev  0x00003905      0x139 build/FrameworkWith_u8g2/production/u8g2/u8x8_setup.o
 .debug_abbrev  0x00003a3e      0x139 build/FrameworkWith_u8g2/production/u8g2/u8x8_string.o
 .debug_abbrev  0x00003b77       0xa4 build/FrameworkWith_u8g2/production/u8g2/u8x8_u16toa.o
 .debug_abbrev  0x00003c1b       0xa4 build/FrameworkWith_u8g2/production/u8g2/u8x8_u8toa.o
 .debug_abbrev  0x00003cbf       0x28 c:/program files/microchip/xc32/v2.41/bin/bin/../../lib/gcc/pic32mx/4.8.3/../../../../pic32mx/lib\libpic32.a(default-bootstrap-exception-handler.o)
 .debug_abbrev  0x00003ce7       0x28 c:/program files/microchip/xc32/v2.41/bin/bin/../../lib/gcc/pic32mx/4.8.3/../../../../pic32mx/lib\libpic32.a(default-on-reset.o)
 .debug_abbrev  0x00003d0f       0x28 c:/program files/microchip/xc32/v2.41/bin/bin/../../lib/gcc/pic32mx/4.8.3/../../../../pic32mx/lib\libpic32.a(default-on-bootstrap.o)
 .debug_abbrev  0x00003d37       0x28 c:/program files/microchip/xc32/v2.41/bin/bin/../../lib/gcc/pic32mx/4.8.3/../../../../pic32mx/lib\libpic32.a(default-general-exception-handler.o)
 .debug_abbrev  0x00003d5f       0x28 c:/program files/microchip/xc32/v2.41/bin/bin/../../lib/gcc/pic32mx/4.8.3/../../../../pic32mx/lib\libpic32.a(defaultinterrupt.o)
 .debug_abbrev  0x00003d87      0x138 c:/program files/microchip/xc32/v2.41/bin/bin/../../lib/gcc/pic32mx/4.8.3\libgcc.a(_udivdi3.o)
 .debug_abbrev  0x00003ebf      0x147 c:/program files/microchip/xc32/v2.41/bin/bin/../../lib/gcc/pic32mx/4.8.3\libgcc.a(_umoddi3.o)
 .debug_abbrev  0x00004006       0x28 c:/program files/microchip/xc32/v2.41/bin/bin/../../lib/gcc/pic32mx/4.8.3/../../../../pic32mx/lib\libpic32.a(_mon_getc.o)
 .debug_abbrev  0x0000402e       0x28 c:/program files/microchip/xc32/v2.41/bin/bin/../../lib/gcc/pic32mx/4.8.3/../../../../pic32mx/lib\libpic32.a(_mon_write.o)
 .debug_abbrev  0x00004056       0x28 c:/program files/microchip/xc32/v2.41/bin/bin/../../lib/gcc/pic32mx/4.8.3/../../../../pic32mx/lib\libpic32.a(_mon_putc.o)

.debug_line     0x00000000     0x5433
 *(.debug_line)
 .debug_line    0x00000000      0x1aa build/FrameworkWith_u8g2/production/FrameworkSource/ES_Port.o
 .debug_line    0x000001aa      0x19b build/FrameworkWith_u8g2/production/FrameworkSource/ES_Timers.o
 .debug_line    0x00000345       0xce build/FrameworkWith_u8g2/production/FrameworkSource/ES_LookupTables.o
 .debug_line    0x00000413       0xfe build/FrameworkWith_u8g2/production/FrameworkSource/ES_CheckEvents.o
 .debug_line    0x00000511      0x10b build/FrameworkWith_u8g2/production/FrameworkSource/ES_DeferRecall.o
 .debug_line    0x0000061c      0x1a3 build/FrameworkWith_u8g2/production/FrameworkSource/ES_Framework.o
 .debug_line    0x000007bf      0x150 build/FrameworkWith_u8g2/production/FrameworkSource/ES_Queue.o
 .debug_line    0x0000090f       0x1d build/FrameworkWith_u8g2/production/FrameworkSource/ES_PostList.o
 .debug_line    0x0000092c      0x1c1 build/FrameworkWith_u8g2/production/FrameworkSource/terminal.o
 .debug_line    0x00000aed       0xb6 build/FrameworkWith_u8g2/production/ProjectSource/main.o
 .debug_line    0x00000ba3      0x178 build/FrameworkWith_u8g2/production/ProjectSource/EventCheckers.o
 .debug_line    0x00000d1b      0x1e6 build/FrameworkWith_u8g2/production/ProjectSource/TestHarnessService0.o
 .debug_line    0x00000f01      0x10e build/FrameworkWith_u8g2/production/ProjectSource/dbprintf.o
 .debug_line    0x0000100f      0x289 build/FrameworkWith_u8g2/production/ProjectSource/MorseElements.o
 .debug_line    0x00001298      0x165 build/FrameworkWith_u8g2/production/ProjectSource/MorseDecode.o
 .debug_line    0x000013fd      0x182 build/FrameworkWith_u8g2/production/ProjectSource/ButtonStatus.o
 .debug_line    0x0000157f      0x159 build/FrameworkWith_u8g2/production/u8g2/spi_master.o
 .debug_line    0x000016d8      0x18c build/FrameworkWith_u8g2/production/u8g2/u8g2_bitmap.o
 .debug_line    0x00001864      0x176 build/FrameworkWith_u8g2/production/u8g2/u8g2_box.o
 .debug_line    0x000019da      0x195 build/FrameworkWith_u8g2/production/u8g2/u8g2_buffer.o
 .debug_line    0x00001b6f      0x294 build/FrameworkWith_u8g2/production/u8g2/u8g2_circle.o
 .debug_line    0x00001e03       0xee build/FrameworkWith_u8g2/production/u8g2/u8g2_cleardisplay.o
 .debug_line    0x00001ef1       0xb7 build/FrameworkWith_u8g2/production/u8g2/u8g2_d_memory.o
 .debug_line    0x00001fa8       0xfa build/FrameworkWith_u8g2/production/u8g2/u8g2_d_setup.o
 .debug_line    0x000020a2      0x457 build/FrameworkWith_u8g2/production/u8g2/u8g2_font.o
 .debug_line    0x000024f9       0x9b build/FrameworkWith_u8g2/production/u8g2/u8g2_fonts.o
 .debug_line    0x00002594      0x166 build/FrameworkWith_u8g2/production/u8g2/u8g2_hvline.o
 .debug_line    0x000026fa      0x12e build/FrameworkWith_u8g2/production/u8g2/u8g2_input_value.o
 .debug_line    0x00002828      0x106 build/FrameworkWith_u8g2/production/u8g2/u8g2_intersection.o
 .debug_line    0x0000292e      0x116 build/FrameworkWith_u8g2/production/u8g2/u8g2_kerning.o
 .debug_line    0x00002a44      0x111 build/FrameworkWith_u8g2/production/u8g2/u8g2_line.o
 .debug_line    0x00002b55      0x149 build/FrameworkWith_u8g2/production/u8g2/u8g2_ll_hvline.o
 .debug_line    0x00002c9e      0x151 build/FrameworkWith_u8g2/production/u8g2/u8g2_message.o
 .debug_line    0x00002def      0x174 build/FrameworkWith_u8g2/production/u8g2/u8g2_pic32mz.o
 .debug_line    0x00002f63      0x1ef build/FrameworkWith_u8g2/production/u8g2/u8g2_polygon.o
 .debug_line    0x00003152      0x196 build/FrameworkWith_u8g2/production/u8g2/u8g2_selection_list.o
 .debug_line    0x000032e8      0x1ed build/FrameworkWith_u8g2/production/u8g2/u8g2_setup.o
 .debug_line    0x000034d5      0x191 build/FrameworkWith_u8g2/production/u8g2/u8log.o
 .debug_line    0x00003666      0x10b build/FrameworkWith_u8g2/production/u8g2/u8log_u8g2.o
 .debug_line    0x00003771       0xfb build/FrameworkWith_u8g2/production/u8g2/u8log_u8x8.o
 .debug_line    0x0000386c      0x259 build/FrameworkWith_u8g2/production/u8g2/u8x8_8x8.o
 .debug_line    0x00003ac5      0x2ef build/FrameworkWith_u8g2/production/u8g2/u8x8_byte.o
 .debug_line    0x00003db4      0x33c build/FrameworkWith_u8g2/production/u8g2/u8x8_cad.o
 .debug_line    0x000040f0      0x19e build/FrameworkWith_u8g2/production/u8g2/u8x8_d_ssd1306_128x64_noname.o
 .debug_line    0x0000428e      0x122 build/FrameworkWith_u8g2/production/u8g2/u8x8_debounce.o
 .debug_line    0x000043b0      0x152 build/FrameworkWith_u8g2/production/u8g2/u8x8_display.o
 .debug_line    0x00004502       0x1d build/FrameworkWith_u8g2/production/u8g2/u8x8_fonts.o
 .debug_line    0x0000451f       0xda build/FrameworkWith_u8g2/production/u8g2/u8x8_gpio.o
 .debug_line    0x000045f9      0x11e build/FrameworkWith_u8g2/production/u8g2/u8x8_input_value.o
 .debug_line    0x00004717      0x13e build/FrameworkWith_u8g2/production/u8g2/u8x8_message.o
 .debug_line    0x00004855      0x14c build/FrameworkWith_u8g2/production/u8g2/u8x8_selection_list.o
 .debug_line    0x000049a1      0x107 build/FrameworkWith_u8g2/production/u8g2/u8x8_setup.o
 .debug_line    0x00004aa8      0x13f build/FrameworkWith_u8g2/production/u8g2/u8x8_string.o
 .debug_line    0x00004be7       0xc8 build/FrameworkWith_u8g2/production/u8g2/u8x8_u16toa.o
 .debug_line    0x00004caf       0xc6 build/FrameworkWith_u8g2/production/u8g2/u8x8_u8toa.o
 .debug_line    0x00004d75       0xa6 c:/program files/microchip/xc32/v2.41/bin/bin/../../lib/gcc/pic32mx/4.8.3/../../../../pic32mx/lib\libpic32.a(default-bootstrap-exception-handler.o)
 .debug_line    0x00004e1b       0x93 c:/program files/microchip/xc32/v2.41/bin/bin/../../lib/gcc/pic32mx/4.8.3/../../../../pic32mx/lib\libpic32.a(default-on-reset.o)
 .debug_line    0x00004eae       0x97 c:/program files/microchip/xc32/v2.41/bin/bin/../../lib/gcc/pic32mx/4.8.3/../../../../pic32mx/lib\libpic32.a(default-on-bootstrap.o)
 .debug_line    0x00004f45        0x0 c:/program files/microchip/xc32/v2.41/bin/bin/../../lib/gcc/pic32mx/4.8.3/../../../../pic32mx/lib\libpic32.a(xc32_uart.o)
 .debug_line    0x00004f45       0xa4 c:/program files/microchip/xc32/v2.41/bin/bin/../../lib/gcc/pic32mx/4.8.3/../../../../pic32mx/lib\libpic32.a(default-general-exception-handler.o)
 .debug_line    0x00004fe9       0xa5 c:/program files/microchip/xc32/v2.41/bin/bin/../../lib/gcc/pic32mx/4.8.3/../../../../pic32mx/lib\libpic32.a(defaultinterrupt.o)
 .debug_line    0x0000508e       0xf7 c:/program files/microchip/xc32/v2.41/bin/bin/../../lib/gcc/pic32mx/4.8.3\libgcc.a(_udivdi3.o)
 .debug_line    0x00005185      0x109 c:/program files/microchip/xc32/v2.41/bin/bin/../../lib/gcc/pic32mx/4.8.3\libgcc.a(_umoddi3.o)
 .debug_line    0x0000528e       0x8c c:/program files/microchip/xc32/v2.41/bin/bin/../../lib/gcc/pic32mx/4.8.3/../../../../pic32mx/lib\libpic32.a(_mon_getc.o)
 .debug_line    0x0000531a       0x8d c:/program files/microchip/xc32/v2.41/bin/bin/../../lib/gcc/pic32mx/4.8.3/../../../../pic32mx/lib\libpic32.a(_mon_write.o)
 .debug_line    0x000053a7       0x8c c:/program files/microchip/xc32/v2.41/bin/bin/../../lib/gcc/pic32mx/4.8.3/../../../../pic32mx/lib\libpic32.a(_mon_putc.o)

.debug_frame    0x00000000     0x33b4
 *(.debug_frame)
 .debug_frame   0x00000000       0xec build/FrameworkWith_u8g2/production/FrameworkSource/ES_Port.o
 .debug_frame   0x000000ec       0xfc build/FrameworkWith_u8g2/production/FrameworkSource/ES_Timers.o
 .debug_frame   0x000001e8       0x30 build/FrameworkWith_u8g2/production/FrameworkSource/ES_LookupTables.o
 .debug_frame   0x00000218       0x34 build/FrameworkWith_u8g2/production/FrameworkSource/ES_CheckEvents.o
 .debug_frame   0x0000024c       0x34 build/FrameworkWith_u8g2/production/FrameworkSource/ES_DeferRecall.o
 .debug_frame   0x00000280       0xc4 build/FrameworkWith_u8g2/production/FrameworkSource/ES_Framework.o
 .debug_frame   0x00000344       0xbc build/FrameworkWith_u8g2/production/FrameworkSource/ES_Queue.o
 .debug_frame   0x00000400       0x90 build/FrameworkWith_u8g2/production/FrameworkSource/terminal.o
 .debug_frame   0x00000490       0x2c build/FrameworkWith_u8g2/production/ProjectSource/main.o
 .debug_frame   0x000004bc       0x34 build/FrameworkWith_u8g2/production/ProjectSource/EventCheckers.o
 .debug_frame   0x000004f0      0x15c build/FrameworkWith_u8g2/production/ProjectSource/TestHarnessService0.o
 .debug_frame   0x0000064c       0x58 build/FrameworkWith_u8g2/production/ProjectSource/dbprintf.o
 .debug_frame   0x000006a4      0x110 build/FrameworkWith_u8g2/production/ProjectSource/MorseElements.o
 .debug_frame   0x000007b4       0x98 build/FrameworkWith_u8g2/production/ProjectSource/MorseDecode.o
 .debug_frame   0x0000084c       0x54 build/FrameworkWith_u8g2/production/ProjectSource/ButtonStatus.o
 .debug_frame   0x000008a0       0x78 build/FrameworkWith_u8g2/production/u8g2/spi_master.o
 .debug_frame   0x00000918      0x108 build/FrameworkWith_u8g2/production/u8g2/u8g2_bitmap.o
 .debug_frame   0x00000a20       0xa0 build/FrameworkWith_u8g2/production/u8g2/u8g2_box.o
 .debug_frame   0x00000ac0      0x154 build/FrameworkWith_u8g2/production/u8g2/u8g2_buffer.o
 .debug_frame   0x00000c14      0x1c0 build/FrameworkWith_u8g2/production/u8g2/u8g2_circle.o
 .debug_frame   0x00000dd4       0x34 build/FrameworkWith_u8g2/production/u8g2/u8g2_cleardisplay.o
 .debug_frame   0x00000e08       0x50 build/FrameworkWith_u8g2/production/u8g2/u8g2_d_memory.o
 .debug_frame   0x00000e58       0x58 build/FrameworkWith_u8g2/production/u8g2/u8g2_d_setup.o
 .debug_frame   0x00000eb0      0x6c8 build/FrameworkWith_u8g2/production/u8g2/u8g2_font.o
 .debug_frame   0x00001578      0x108 build/FrameworkWith_u8g2/production/u8g2/u8g2_hvline.o
 .debug_frame   0x00001680       0x34 build/FrameworkWith_u8g2/production/u8g2/u8g2_input_value.o
 .debug_frame   0x000016b4       0x54 build/FrameworkWith_u8g2/production/u8g2/u8g2_intersection.o
 .debug_frame   0x00001708       0x54 build/FrameworkWith_u8g2/production/u8g2/u8g2_kerning.o
 .debug_frame   0x0000175c       0x34 build/FrameworkWith_u8g2/production/u8g2/u8g2_line.o
 .debug_frame   0x00001790       0x58 build/FrameworkWith_u8g2/production/u8g2/u8g2_ll_hvline.o
 .debug_frame   0x000017e8       0x58 build/FrameworkWith_u8g2/production/u8g2/u8g2_message.o
 .debug_frame   0x00001840       0x58 build/FrameworkWith_u8g2/production/u8g2/u8g2_pic32mz.o
 .debug_frame   0x00001898      0x240 build/FrameworkWith_u8g2/production/u8g2/u8g2_polygon.o
 .debug_frame   0x00001ad8       0xc4 build/FrameworkWith_u8g2/production/u8g2/u8g2_selection_list.o
 .debug_frame   0x00001b9c      0x2e0 build/FrameworkWith_u8g2/production/u8g2/u8g2_setup.o
 .debug_frame   0x00001e7c      0x260 build/FrameworkWith_u8g2/production/u8g2/u8log.o
 .debug_frame   0x000020dc       0x58 build/FrameworkWith_u8g2/production/u8g2/u8log_u8g2.o
 .debug_frame   0x00002134       0x7c build/FrameworkWith_u8g2/production/u8g2/u8log_u8x8.o
 .debug_frame   0x000021b0      0x314 build/FrameworkWith_u8g2/production/u8g2/u8x8_8x8.o
 .debug_frame   0x000024c4      0x390 build/FrameworkWith_u8g2/production/u8g2/u8x8_byte.o
 .debug_frame   0x00002854      0x304 build/FrameworkWith_u8g2/production/u8g2/u8x8_cad.o
 .debug_frame   0x00002b58      0x10c build/FrameworkWith_u8g2/production/u8g2/u8x8_d_ssd1306_128x64_noname.o
 .debug_frame   0x00002c64       0x78 build/FrameworkWith_u8g2/production/u8g2/u8x8_debounce.o
 .debug_frame   0x00002cdc      0x1e0 build/FrameworkWith_u8g2/production/u8g2/u8x8_display.o
 .debug_frame   0x00002ebc       0x34 build/FrameworkWith_u8g2/production/u8g2/u8x8_gpio.o
 .debug_frame   0x00002ef0       0x34 build/FrameworkWith_u8g2/production/u8g2/u8x8_input_value.o
 .debug_frame   0x00002f24       0x58 build/FrameworkWith_u8g2/production/u8g2/u8x8_message.o
 .debug_frame   0x00002f7c       0xbc build/FrameworkWith_u8g2/production/u8g2/u8x8_selection_list.o
 .debug_frame   0x00003038       0x98 build/FrameworkWith_u8g2/production/u8g2/u8x8_setup.o
 .debug_frame   0x000030d0       0xbc build/FrameworkWith_u8g2/production/u8g2/u8x8_string.o
 .debug_frame   0x0000318c       0x54 build/FrameworkWith_u8g2/production/u8g2/u8x8_u16toa.o
 .debug_frame   0x000031e0       0x54 build/FrameworkWith_u8g2/production/u8g2/u8x8_u8toa.o
 .debug_frame   0x00003234       0x2c c:/program files/microchip/xc32/v2.41/bin/bin/../../lib/gcc/pic32mx/4.8.3/../../../../pic32mx/lib\libpic32.a(default-bootstrap-exception-handler.o)
 .debug_frame   0x00003260       0x20 c:/program files/microchip/xc32/v2.41/bin/bin/../../lib/gcc/pic32mx/4.8.3/../../../../pic32mx/lib\libpic32.a(default-on-reset.o)
 .debug_frame   0x00003280       0x20 c:/program files/microchip/xc32/v2.41/bin/bin/../../lib/gcc/pic32mx/4.8.3/../../../../pic32mx/lib\libpic32.a(default-on-bootstrap.o)
 .debug_frame   0x000032a0       0x2c c:/program files/microchip/xc32/v2.41/bin/bin/../../lib/gcc/pic32mx/4.8.3/../../../../pic32mx/lib\libpic32.a(default-general-exception-handler.o)
 .debug_frame   0x000032cc       0x20 c:/program files/microchip/xc32/v2.41/bin/bin/../../lib/gcc/pic32mx/4.8.3/../../../../pic32mx/lib\libpic32.a(defaultinterrupt.o)
 .debug_frame   0x000032ec       0x20 c:/program files/microchip/xc32/v2.41/bin/bin/../../lib/gcc/pic32mx/4.8.3\libgcc.a(_udivdi3.o)
 .debug_frame   0x0000330c       0x20 c:/program files/microchip/xc32/v2.41/bin/bin/../../lib/gcc/pic32mx/4.8.3\libgcc.a(_umoddi3.o)
 .debug_frame   0x0000332c       0x2c c:/program files/microchip/xc32/v2.41/bin/bin/../../lib/gcc/pic32mx/4.8.3/../../../../pic32mx/lib\libpic32.a(_mon_getc.o)
 .debug_frame   0x00003358       0x30 c:/program files/microchip/xc32/v2.41/bin/bin/../../lib/gcc/pic32mx/4.8.3/../../../../pic32mx/lib\libpic32.a(_mon_write.o)
 .debug_frame   0x00003388       0x2c c:/program files/microchip/xc32/v2.41/bin/bin/../../lib/gcc/pic32mx/4.8.3/../../../../pic32mx/lib\libpic32.a(_mon_putc.o)

.debug_str      0x00000000      0x369
 *(.debug_str)
 .debug_str     0x00000000        0x0 build/FrameworkWith_u8g2/production/FrameworkSource/ES_Port.o
 .debug_str     0x00000000        0x0 build/FrameworkWith_u8g2/production/FrameworkSource/ES_Timers.o
 .debug_str     0x00000000        0x0 build/FrameworkWith_u8g2/production/FrameworkSource/ES_LookupTables.o
 .debug_str     0x00000000        0x0 build/FrameworkWith_u8g2/production/FrameworkSource/ES_CheckEvents.o
 .debug_str     0x00000000        0x0 build/FrameworkWith_u8g2/production/FrameworkSource/ES_DeferRecall.o
 .debug_str     0x00000000       0x20 build/FrameworkWith_u8g2/production/FrameworkSource/ES_Framework.o
 .debug_str     0x00000020       0x1c build/FrameworkWith_u8g2/production/FrameworkSource/ES_Queue.o
 .debug_str     0x0000003c        0x0 build/FrameworkWith_u8g2/production/FrameworkSource/ES_PostList.o
 .debug_str     0x0000003c        0x0 build/FrameworkWith_u8g2/production/FrameworkSource/terminal.o
 .debug_str     0x0000003c        0x0 build/FrameworkWith_u8g2/production/ProjectSource/main.o
 .debug_str     0x0000003c        0x0 build/FrameworkWith_u8g2/production/ProjectSource/EventCheckers.o
 .debug_str     0x0000003c        0xa build/FrameworkWith_u8g2/production/ProjectSource/TestHarnessService0.o
 .debug_str     0x00000046        0xb build/FrameworkWith_u8g2/production/ProjectSource/dbprintf.o
 .debug_str     0x00000051        0xa build/FrameworkWith_u8g2/production/ProjectSource/MorseElements.o
 .debug_str     0x0000005b        0xa build/FrameworkWith_u8g2/production/ProjectSource/MorseDecode.o